bme280.c:887:13:fill_filter_settings	0	static
bme280.c:896:13:fill_standby_settings	0	static
bme280.c:905:13:fill_osr_press_settings	0	static
bme280.c:914:13:fill_osr_temp_settings	0	static
bme280.c:924:13:parse_device_settings	0	static
bme280.c:1005:15:compensate_temperature	40	static
bme280.c:1035:15:compensate_pressure	40	static
bme280.c:1082:15:compensate_humidity	48	static
bme280.c:1338:13:interleave_reg_addr	12	static
bme280.c:1353:13:parse_temp_press_calib_data	0	static
bme280.c:1376:13:parse_humidity_calib_data	0	static
bme280.c:1399:16:are_settings_changed	0	static
bme280.c:1421:15:null_ptr_check	0	static
bme280.c:409:8:bme280_get_regs	24	static
bme280.c:1302:15:get_calib_data	48	static
bme280.c:442:8:bme280_set_regs	48	static
bme280.c:793:15:set_osr_humidity_settings	16	static
bme280.c:825:15:set_osr_press_temp_settings	24	static
bme280.c:772:15:set_osr_settings	16	static
bme280.c:856:15:set_filter_standby_settings	24	static
bme280.c:986:15:reload_device_settings	16	static
bme280.c:936:15:write_power_mode	24	static
bme280.c:554:8:bme280_get_sensor_settings	24	static
bme280.c:610:8:bme280_get_sensor_mode	16	static
bme280.c:631:8:bme280_soft_reset	24	static
bme280.c:357:8:bme280_init	24	static
bme280.c:962:15:put_device_to_sleep	24	static
bme280.c:511:8:bme280_set_sensor_settings	24	static
bme280.c:578:8:bme280_set_sensor_mode	24	static
bme280.c:699:6:bme280_parse_sensor_data	4	static
bme280.c:729:8:bme280_compensate_data	24	static
bme280.c:660:8:bme280_get_sensor_data	40	static
