myfunctions.c:801:6:user_delay	16	static
myfunctions.c:900:8:user_i2c_read	40	static
myfunctions.c:936:8:user_i2c_write	24	static
myfunctions.c:1040:9:platform_write	24	static
myfunctions.c:1064:9:platform_read	24	static
myfunctions.c:113:6:HAL_TIM_PeriodElapsedCallback	0	static
myfunctions.c:118:6:HAL_UART_RxCpltCallback	8	static
myfunctions.c:173:6:check_gga	24	static
myfunctions.c:224:5:check_sum	4	static
myfunctions.c:193:6:is_valid	24	static
myfunctions.c:238:6:split_extract	48	static
myfunctions.c:328:6:format_gps	32	static
myfunctions.c:147:6:process_buffer	8	static
myfunctions.c:464:6:format_count	12	static
myfunctions.c:557:6:format_power	24	static
myfunctions.c:602:6:burn_signal	16	static
myfunctions.c:639:6:adc_sb	32	static
myfunctions.c:745:6:lcd_instr_write	16	static
myfunctions.c:675:6:lcd_init	8	static
myfunctions.c:773:6:lcd_data_write	16	static
myfunctions.c:812:6:lcd_out	8	static
myfunctions.c:978:6:stream_sensor_data_normal_mode	8	static
myfunctions.c:991:6:stream_sensor_data_forced_mode	8	static
myfunctions.c:857:6:sensor_init	16	static
myfunctions.c:104:6:user_init	8	static
myfunctions.c:1001:6:format_bme280	40	static
myfunctions.c:1079:6:stream_accelerometer_data	16	static
myfunctions.c:1107:6:standardize_accel	40	static
myfunctions.c:1139:6:format_accel	20	static
myfunctions.c:517:6:display	16	static
