Archive member included to satisfy reference by file (symbol)

c:/program files (x86)/atollic/truestudio for stm32 9.2.0/armtools/bin/../lib/gcc/arm-atollic-eabi/6.3.1/../../../../arm-atollic-eabi/lib/armv7e-m/fpu\libc_nano.a(lib_a-atof.o)
                              Src\myfunctions.o (atof)
c:/program files (x86)/atollic/truestudio for stm32 9.2.0/armtools/bin/../lib/gcc/arm-atollic-eabi/6.3.1/../../../../arm-atollic-eabi/lib/armv7e-m/fpu\libc_nano.a(lib_a-errno.o)
                              Src\syscalls.o (__errno)
c:/program files (x86)/atollic/truestudio for stm32 9.2.0/armtools/bin/../lib/gcc/arm-atollic-eabi/6.3.1/../../../../arm-atollic-eabi/lib/armv7e-m/fpu\libc_nano.a(lib_a-impure.o)
                              c:/program files (x86)/atollic/truestudio for stm32 9.2.0/armtools/bin/../lib/gcc/arm-atollic-eabi/6.3.1/../../../../arm-atollic-eabi/lib/armv7e-m/fpu\libc_nano.a(lib_a-errno.o) (_impure_ptr)
c:/program files (x86)/atollic/truestudio for stm32 9.2.0/armtools/bin/../lib/gcc/arm-atollic-eabi/6.3.1/../../../../arm-atollic-eabi/lib/armv7e-m/fpu\libc_nano.a(lib_a-init.o)
                              startup\startup_stm32f334x8.o (__libc_init_array)
c:/program files (x86)/atollic/truestudio for stm32 9.2.0/armtools/bin/../lib/gcc/arm-atollic-eabi/6.3.1/../../../../arm-atollic-eabi/lib/armv7e-m/fpu\libc_nano.a(lib_a-memset.o)
                              Src\main.o (memset)
c:/program files (x86)/atollic/truestudio for stm32 9.2.0/armtools/bin/../lib/gcc/arm-atollic-eabi/6.3.1/../../../../arm-atollic-eabi/lib/armv7e-m/fpu\libc_nano.a(lib_a-strchr.o)
                              Src\myfunctions.o (strchr)
c:/program files (x86)/atollic/truestudio for stm32 9.2.0/armtools/bin/../lib/gcc/arm-atollic-eabi/6.3.1/../../../../arm-atollic-eabi/lib/armv7e-m/fpu\libc_nano.a(lib_a-strcpy.o)
                              Src\myfunctions.o (strcpy)
c:/program files (x86)/atollic/truestudio for stm32 9.2.0/armtools/bin/../lib/gcc/arm-atollic-eabi/6.3.1/../../../../arm-atollic-eabi/lib/armv7e-m/fpu\libc_nano.a(lib_a-strlen.o)
                              Src\myfunctions.o (strlen)
c:/program files (x86)/atollic/truestudio for stm32 9.2.0/armtools/bin/../lib/gcc/arm-atollic-eabi/6.3.1/../../../../arm-atollic-eabi/lib/armv7e-m/fpu\libc_nano.a(lib_a-strncpy.o)
                              Src\myfunctions.o (strncpy)
c:/program files (x86)/atollic/truestudio for stm32 9.2.0/armtools/bin/../lib/gcc/arm-atollic-eabi/6.3.1/../../../../arm-atollic-eabi/lib/armv7e-m/fpu\libc_nano.a(lib_a-strrchr.o)
                              Src\myfunctions.o (strrchr)
c:/program files (x86)/atollic/truestudio for stm32 9.2.0/armtools/bin/../lib/gcc/arm-atollic-eabi/6.3.1/../../../../arm-atollic-eabi/lib/armv7e-m/fpu\libc_nano.a(lib_a-strtod.o)
                              c:/program files (x86)/atollic/truestudio for stm32 9.2.0/armtools/bin/../lib/gcc/arm-atollic-eabi/6.3.1/../../../../arm-atollic-eabi/lib/armv7e-m/fpu\libc_nano.a(lib_a-atof.o) (strtod)
c:/program files (x86)/atollic/truestudio for stm32 9.2.0/armtools/bin/../lib/gcc/arm-atollic-eabi/6.3.1/../../../../arm-atollic-eabi/lib/armv7e-m/fpu\libc_nano.a(lib_a-strtol.o)
                              Src\myfunctions.o (strtol)
c:/program files (x86)/atollic/truestudio for stm32 9.2.0/armtools/bin/../lib/gcc/arm-atollic-eabi/6.3.1/../../../../arm-atollic-eabi/lib/armv7e-m/fpu\libc_nano.a(lib_a-gdtoa-gethex.o)
                              c:/program files (x86)/atollic/truestudio for stm32 9.2.0/armtools/bin/../lib/gcc/arm-atollic-eabi/6.3.1/../../../../arm-atollic-eabi/lib/armv7e-m/fpu\libc_nano.a(lib_a-strtod.o) (__gethex)
c:/program files (x86)/atollic/truestudio for stm32 9.2.0/armtools/bin/../lib/gcc/arm-atollic-eabi/6.3.1/../../../../arm-atollic-eabi/lib/armv7e-m/fpu\libc_nano.a(lib_a-gdtoa-hexnan.o)
                              c:/program files (x86)/atollic/truestudio for stm32 9.2.0/armtools/bin/../lib/gcc/arm-atollic-eabi/6.3.1/../../../../arm-atollic-eabi/lib/armv7e-m/fpu\libc_nano.a(lib_a-strtod.o) (__match)
c:/program files (x86)/atollic/truestudio for stm32 9.2.0/armtools/bin/../lib/gcc/arm-atollic-eabi/6.3.1/../../../../arm-atollic-eabi/lib/armv7e-m/fpu\libc_nano.a(lib_a-locale.o)
                              c:/program files (x86)/atollic/truestudio for stm32 9.2.0/armtools/bin/../lib/gcc/arm-atollic-eabi/6.3.1/../../../../arm-atollic-eabi/lib/armv7e-m/fpu\libc_nano.a(lib_a-strtol.o) (__locale_ctype_ptr_l)
c:/program files (x86)/atollic/truestudio for stm32 9.2.0/armtools/bin/../lib/gcc/arm-atollic-eabi/6.3.1/../../../../arm-atollic-eabi/lib/armv7e-m/fpu\libc_nano.a(lib_a-localeconv.o)
                              c:/program files (x86)/atollic/truestudio for stm32 9.2.0/armtools/bin/../lib/gcc/arm-atollic-eabi/6.3.1/../../../../arm-atollic-eabi/lib/armv7e-m/fpu\libc_nano.a(lib_a-strtod.o) (__localeconv_l)
[...]
Memory Configuration

Name             Origin             Length             Attributes
RAM              0x20000000         0x00003000         xrw
CCMRAM           0x10000000         0x00001000         rw
FLASH            0x08000000         0x00010000         xr
*default*        0x00000000         0xffffffff

Linker script and memory map

LOAD c:/program files (x86)/atollic/truestudio for stm32 9.2.0/armtools/bin/../lib/gcc/arm-atollic-eabi/6.3.1/armv7e-m/fpu/crti.o
LOAD c:/program files (x86)/atollic/truestudio for stm32 9.2.0/armtools/bin/../lib/gcc/arm-atollic-eabi/6.3.1/armv7e-m/fpu/crtbegin.o
LOAD Drivers\STM32F3xx_HAL_Driver\Src\stm32f3xx_hal.o
LOAD Drivers\STM32F3xx_HAL_Driver\Src\stm32f3xx_hal_adc.o
LOAD Drivers\STM32F3xx_HAL_Driver\Src\stm32f3xx_hal_adc_ex.o
LOAD Drivers\STM32F3xx_HAL_Driver\Src\stm32f3xx_hal_cortex.o
LOAD Drivers\STM32F3xx_HAL_Driver\Src\stm32f3xx_hal_dma.o
LOAD Drivers\STM32F3xx_HAL_Driver\Src\stm32f3xx_hal_flash.o
LOAD Drivers\STM32F3xx_HAL_Driver\Src\stm32f3xx_hal_flash_ex.o
LOAD Drivers\STM32F3xx_HAL_Driver\Src\stm32f3xx_hal_gpio.o
LOAD Drivers\STM32F3xx_HAL_Driver\Src\stm32f3xx_hal_i2c.o
LOAD Drivers\STM32F3xx_HAL_Driver\Src\stm32f3xx_hal_i2c_ex.o
LOAD Drivers\STM32F3xx_HAL_Driver\Src\stm32f3xx_hal_pwr.o
LOAD Drivers\STM32F3xx_HAL_Driver\Src\stm32f3xx_hal_pwr_ex.o
LOAD Drivers\STM32F3xx_HAL_Driver\Src\stm32f3xx_hal_rcc.o
LOAD Drivers\STM32F3xx_HAL_Driver\Src\stm32f3xx_hal_rcc_ex.o
LOAD Drivers\STM32F3xx_HAL_Driver\Src\stm32f3xx_hal_tim.o
LOAD Drivers\STM32F3xx_HAL_Driver\Src\stm32f3xx_hal_tim_ex.o
LOAD Drivers\STM32F3xx_HAL_Driver\Src\stm32f3xx_hal_uart.o
LOAD Drivers\STM32F3xx_HAL_Driver\Src\stm32f3xx_hal_uart_ex.o
LOAD Src\bme280.o
LOAD Src\lis2dh12_reg.o
LOAD Src\main.o
LOAD Src\myfunctions.o
LOAD Src\stm32f3xx_hal_msp.o
LOAD Src\stm32f3xx_it.o
LOAD Src\syscalls.o
LOAD Src\system_stm32f3xx.o
LOAD startup\startup_stm32f334x8.o
                0x00000080                malloc_getpagesize_P = 0x80
START GROUP
LOAD c:/program files (x86)/atollic/truestudio for stm32 9.2.0/armtools/bin/../lib/gcc/arm-atollic-eabi/6.3.1/../../../../arm-atollic-eabi/lib/armv7e-m/fpu\libc_nano.a
LOAD c:/program files (x86)/atollic/truestudio for stm32 9.2.0/armtools/bin/../lib/gcc/arm-atollic-eabi/6.3.1/../../../../arm-atollic-eabi/lib/armv7e-m/fpu\libm.a
END GROUP
START GROUP
LOAD c:/program files (x86)/atollic/truestudio for stm32 9.2.0/armtools/bin/../lib/gcc/arm-atollic-eabi/6.3.1/armv7e-m/fpu\libgcc.a
LOAD c:/program files (x86)/atollic/truestudio for stm32 9.2.0/armtools/bin/../lib/gcc/arm-atollic-eabi/6.3.1/../../../../arm-atollic-eabi/lib/armv7e-m/fpu\libc_nano.a
END GROUP
START GROUP
LOAD c:/program files (x86)/atollic/truestudio for stm32 9.2.0/armtools/bin/../lib/gcc/arm-atollic-eabi/6.3.1/armv7e-m/fpu\libgcc.a
LOAD c:/program files (x86)/atollic/truestudio for stm32 9.2.0/armtools/bin/../lib/gcc/arm-atollic-eabi/6.3.1/../../../../arm-atollic-eabi/lib/armv7e-m/fpu\libc_nano.a
LOAD c:/program files (x86)/atollic/truestudio for stm32 9.2.0/armtools/bin/../lib/gcc/arm-atollic-eabi/6.3.1/../../../../arm-atollic-eabi/lib/armv7e-m/fpu\libnosys.a
END GROUP
START GROUP
LOAD c:/program files (x86)/atollic/truestudio for stm32 9.2.0/armtools/bin/../lib/gcc/arm-atollic-eabi/6.3.1/armv7e-m/fpu\libgcc.a
LOAD c:/program files (x86)/atollic/truestudio for stm32 9.2.0/armtools/bin/../lib/gcc/arm-atollic-eabi/6.3.1/../../../../arm-atollic-eabi/lib/armv7e-m/fpu\libc_nano.a
LOAD c:/program files (x86)/atollic/truestudio for stm32 9.2.0/armtools/bin/../lib/gcc/arm-atollic-eabi/6.3.1/../../../../arm-atollic-eabi/lib/armv7e-m/fpu\libnosys.a
END GROUP
LOAD c:/program files (x86)/atollic/truestudio for stm32 9.2.0/armtools/bin/../lib/gcc/arm-atollic-eabi/6.3.1/armv7e-m/fpu/crtend.o
LOAD c:/program files (x86)/atollic/truestudio for stm32 9.2.0/armtools/bin/../lib/gcc/arm-atollic-eabi/6.3.1/armv7e-m/fpu/crtn.o
                0x20003000                _estack = 0x20003000
                0x00000200                _Min_Heap_Size = 0x200
                0x00000400                _Min_Stack_Size = 0x400

.isr_vector     0x08000000      0x188
                0x08000000                . = ALIGN (0x4)
 *(.isr_vector)
 .isr_vector    0x08000000      0x188 startup\startup_stm32f334x8.o
                0x08000000                g_pfnVectors
                0x08000188                . = ALIGN (0x4)

.text           0x08000188     0x9458
                0x08000188                . = ALIGN (0x4)
 *(.text)
 .text          0x08000188       0x40 c:/program files (x86)/atollic/truestudio for stm32 9.2.0/armtools/bin/../lib/gcc/arm-atollic-eabi/6.3.1/armv7e-m/fpu/crtbegin.o
 .text          0x080001c8       0x10 c:/program files (x86)/atollic/truestudio for stm32 9.2.0/armtools/bin/../lib/gcc/arm-atollic-eabi/6.3.1/../../../../arm-atollic-eabi/lib/armv7e-m/fpu\libc_nano.a(lib_a-strlen.o)
                0x080001c8                strlen
 .text          0x080001d8      0x370 c:/program files (x86)/atollic/truestudio for stm32 9.2.0/armtools/bin/../lib/gcc/arm-atollic-eabi/6.3.1/armv7e-m/fpu\libgcc.a(_arm_addsubdf3.o)
                0x080001d8                __aeabi_drsub
                0x080001e0                __aeabi_dsub
                0x080001e0                __subdf3
                0x080001e4                __aeabi_dadd
                0x080001e4                __adddf3
                0x0800045c                __floatunsidf
                0x0800045c                __aeabi_ui2d
                0x0800047c                __floatsidf
                0x0800047c                __aeabi_i2d
                0x080004a0                __aeabi_f2d
                0x080004a0                __extendsfdf2
                0x080004dc                __floatundidf
                0x080004dc                __aeabi_ul2d
                0x080004ec                __floatdidf
                0x080004ec                __aeabi_l2d
 .text          0x08000548      0x424 c:/program files (x86)/atollic/truestudio for stm32 9.2.0/armtools/bin/../lib/gcc/arm-atollic-eabi/6.3.1/armv7e-m/fpu\libgcc.a(_arm_muldivdf3.o)
                0x08000548                __aeabi_dmul
                0x08000548                __muldf3
                0x0800079c                __divdf3
                0x0800079c                __aeabi_ddiv
 .text          0x0800096c      0x110 c:/program files (x86)/atollic/truestudio for stm32 9.2.0/armtools/bin/../lib/gcc/arm-atollic-eabi/6.3.1/armv7e-m/fpu\libgcc.a(_arm_cmpdf2.o)
                0x0800096c                __gtdf2
                0x0800096c                __gedf2
                0x08000974                __ltdf2
                0x08000974                __ledf2
                0x0800097c                __nedf2
                0x0800097c                __eqdf2
                0x0800097c                __cmpdf2
                0x080009f8                __aeabi_cdrcmple
                0x08000a08                __aeabi_cdcmpeq
                0x08000a08                __aeabi_cdcmple
                0x08000a18                __aeabi_dcmpeq
                0x08000a2c                __aeabi_dcmplt
                0x08000a40                __aeabi_dcmple
                0x08000a54                __aeabi_dcmpge
                0x08000a68                __aeabi_dcmpgt
 .text          0x08000a7c       0x2c c:/program files (x86)/atollic/truestudio for stm32 9.2.0/armtools/bin/../lib/gcc/arm-atollic-eabi/6.3.1/armv7e-m/fpu\libgcc.a(_arm_unorddf2.o)
                0x08000a7c                __unorddf2
                0x08000a7c                __aeabi_dcmpun
 .text          0x08000aa8       0x50 c:/program files (x86)/atollic/truestudio for stm32 9.2.0/armtools/bin/../lib/gcc/arm-atollic-eabi/6.3.1/armv7e-m/fpu\libgcc.a(_arm_fixdfsi.o)
                0x08000aa8                __aeabi_d2iz
                0x08000aa8                __fixdfsi
 .text          0x08000af8       0x40 c:/program files (x86)/atollic/truestudio for stm32 9.2.0/armtools/bin/../lib/gcc/arm-atollic-eabi/6.3.1/armv7e-m/fpu\libgcc.a(_arm_fixunsdfsi.o)
                0x08000af8                __aeabi_d2uiz
                0x08000af8                __fixunsdfsi
 .text          0x08000b38       0xa0 c:/program files (x86)/atollic/truestudio for stm32 9.2.0/armtools/bin/../lib/gcc/arm-atollic-eabi/6.3.1/armv7e-m/fpu\libgcc.a(_arm_truncdfsf2.o)
                0x08000b38                __truncdfsf2
                0x08000b38                __aeabi_d2f
 *(.text*)
 .text.HAL_InitTick
                0x08000bd8       0x4c Drivers\STM32F3xx_HAL_Driver\Src\stm32f3xx_hal.o
                0x08000bd8                HAL_InitTick
 .text.HAL_Init
                0x08000c24       0x24 Drivers\STM32F3xx_HAL_Driver\Src\stm32f3xx_hal.o
                0x08000c24                HAL_Init
 .text.HAL_IncTick
                0x08000c48       0x18 Drivers\STM32F3xx_HAL_Driver\Src\stm32f3xx_hal.o
                0x08000c48                HAL_IncTick
 .text.HAL_GetTick
                0x08000c60        0xc Drivers\STM32F3xx_HAL_Driver\Src\stm32f3xx_hal.o
                0x08000c60                HAL_GetTick
 .text.HAL_Delay
                0x08000c6c       0x28 Drivers\STM32F3xx_HAL_Driver\Src\stm32f3xx_hal.o
                0x08000c6c                HAL_Delay
 .text.ADC_Disable
                0x08000c94       0x88 Drivers\STM32F3xx_HAL_Driver\Src\stm32f3xx_hal_adc_ex.o
 .text.ADC_Enable
                0x08000d1c       0x84 Drivers\STM32F3xx_HAL_Driver\Src\stm32f3xx_hal_adc_ex.o
 .text.HAL_ADC_Init
                0x08000da0      0x21c Drivers\STM32F3xx_HAL_Driver\Src\stm32f3xx_hal_adc_ex.o
                0x08000da0                HAL_ADC_Init
 .text.HAL_ADC_Start
                0x08000fbc      0x104 Drivers\STM32F3xx_HAL_Driver\Src\stm32f3xx_hal_adc_ex.o
                0x08000fbc                HAL_ADC_Start
 .text.HAL_ADC_PollForConversion
                0x080010c0      0x118 Drivers\STM32F3xx_HAL_Driver\Src\stm32f3xx_hal_adc_ex.o
                0x080010c0                HAL_ADC_PollForConversion
 .text.HAL_ADC_GetValue
                0x080011d8        0x6 Drivers\STM32F3xx_HAL_Driver\Src\stm32f3xx_hal_adc_ex.o
                0x080011d8                HAL_ADC_GetValue
 *fill*         0x080011de        0x2 
 .text.HAL_ADC_ConfigChannel
                0x080011e0      0x384 Drivers\STM32F3xx_HAL_Driver\Src\stm32f3xx_hal_adc_ex.o
                0x080011e0                HAL_ADC_ConfigChannel
 .text.HAL_ADCEx_MultiModeConfigChannel
                0x08001564      0x13c Drivers\STM32F3xx_HAL_Driver\Src\stm32f3xx_hal_adc_ex.o
                0x08001564                HAL_ADCEx_MultiModeConfigChannel
 .text.HAL_NVIC_SetPriorityGrouping
                0x080016a0       0x24 Drivers\STM32F3xx_HAL_Driver\Src\stm32f3xx_hal_cortex.o
                0x080016a0                HAL_NVIC_SetPriorityGrouping
 .text.HAL_NVIC_SetPriority
                0x080016c4       0x64 Drivers\STM32F3xx_HAL_Driver\Src\stm32f3xx_hal_cortex.o
                0x080016c4                HAL_NVIC_SetPriority
 .text.HAL_NVIC_EnableIRQ
                0x08001728       0x18 Drivers\STM32F3xx_HAL_Driver\Src\stm32f3xx_hal_cortex.o
                0x08001728                HAL_NVIC_EnableIRQ
 .text.HAL_SYSTICK_Config
                0x08001740       0x2c Drivers\STM32F3xx_HAL_Driver\Src\stm32f3xx_hal_cortex.o
                0x08001740                HAL_SYSTICK_Config
 .text.HAL_DMA_Abort_IT
                0x0800176c       0x4a Drivers\STM32F3xx_HAL_Driver\Src\stm32f3xx_hal_dma.o
                0x0800176c                HAL_DMA_Abort_IT
 *fill*         0x080017b6        0x2 
 .text.HAL_GPIO_Init
                0x080017b8      0x194 Drivers\STM32F3xx_HAL_Driver\Src\stm32f3xx_hal_gpio.o
                0x080017b8                HAL_GPIO_Init
 .text.HAL_GPIO_WritePin
                0x0800194c        0xa Drivers\STM32F3xx_HAL_Driver\Src\stm32f3xx_hal_gpio.o
                0x0800194c                HAL_GPIO_WritePin
 .text.I2C_Flush_TXDR
                0x08001956       0x22 Drivers\STM32F3xx_HAL_Driver\Src\stm32f3xx_hal_i2c.o
 .text.I2C_TransferConfig
                0x08001978       0x36 Drivers\STM32F3xx_HAL_Driver\Src\stm32f3xx_hal_i2c.o
 .text.I2C_IsAcknowledgeFailed
                0x080019ae       0x82 Drivers\STM32F3xx_HAL_Driver\Src\stm32f3xx_hal_i2c.o
 .text.I2C_WaitOnTXISFlagUntilTimeout
                0x08001a30       0x54 Drivers\STM32F3xx_HAL_Driver\Src\stm32f3xx_hal_i2c.o
 .text.I2C_WaitOnFlagUntilTimeout
                0x08001a84       0x48 Drivers\STM32F3xx_HAL_Driver\Src\stm32f3xx_hal_i2c.o
 .text.I2C_RequestMemoryWrite
                0x08001acc       0x88 Drivers\STM32F3xx_HAL_Driver\Src\stm32f3xx_hal_i2c.o
 .text.I2C_RequestMemoryRead
                0x08001b54       0x84 Drivers\STM32F3xx_HAL_Driver\Src\stm32f3xx_hal_i2c.o
 .text.I2C_WaitOnSTOPFlagUntilTimeout
                0x08001bd8       0x4e Drivers\STM32F3xx_HAL_Driver\Src\stm32f3xx_hal_i2c.o
 .text.I2C_WaitOnRXNEFlagUntilTimeout
                0x08001c26       0x96 Drivers\STM32F3xx_HAL_Driver\Src\stm32f3xx_hal_i2c.o
 .text.HAL_I2C_Init
                0x08001cbc       0xbc Drivers\STM32F3xx_HAL_Driver\Src\stm32f3xx_hal_i2c.o
                0x08001cbc                HAL_I2C_Init
 .text.HAL_I2C_Master_Transmit
                0x08001d78      0x188 Drivers\STM32F3xx_HAL_Driver\Src\stm32f3xx_hal_i2c.o
                0x08001d78                HAL_I2C_Master_Transmit
 .text.HAL_I2C_Master_Receive
                0x08001f00      0x184 Drivers\STM32F3xx_HAL_Driver\Src\stm32f3xx_hal_i2c.o
                0x08001f00                HAL_I2C_Master_Receive
 .text.HAL_I2C_Mem_Write
                0x08002084      0x1cc Drivers\STM32F3xx_HAL_Driver\Src\stm32f3xx_hal_i2c.o
                0x08002084                HAL_I2C_Mem_Write
 .text.HAL_I2C_Mem_Read
                0x08002250      0x1c8 Drivers\STM32F3xx_HAL_Driver\Src\stm32f3xx_hal_i2c.o
                0x08002250                HAL_I2C_Mem_Read
 .text.HAL_I2C_IsDeviceReady
                0x08002418      0x158 Drivers\STM32F3xx_HAL_Driver\Src\stm32f3xx_hal_i2c.o
                0x08002418                HAL_I2C_IsDeviceReady
 .text.HAL_I2CEx_ConfigAnalogFilter
                0x08002570       0x5c Drivers\STM32F3xx_HAL_Driver\Src\stm32f3xx_hal_i2c_ex.o
                0x08002570                HAL_I2CEx_ConfigAnalogFilter
 .text.HAL_I2CEx_ConfigDigitalFilter
                0x080025cc       0x58 Drivers\STM32F3xx_HAL_Driver\Src\stm32f3xx_hal_i2c_ex.o
                0x080025cc                HAL_I2CEx_ConfigDigitalFilter
 .text.HAL_RCC_OscConfig
                0x08002624      0x614 Drivers\STM32F3xx_HAL_Driver\Src\stm32f3xx_hal_rcc.o
                0x08002624                HAL_RCC_OscConfig
 .text.HAL_RCC_GetSysClockFreq
                0x08002c38       0x70 Drivers\STM32F3xx_HAL_Driver\Src\stm32f3xx_hal_rcc.o
                0x08002c38                HAL_RCC_GetSysClockFreq
 .text.HAL_RCC_ClockConfig
                0x08002ca8      0x1a0 Drivers\STM32F3xx_HAL_Driver\Src\stm32f3xx_hal_rcc.o
                0x08002ca8                HAL_RCC_ClockConfig
 .text.HAL_RCC_GetHCLKFreq
                0x08002e48        0xc Drivers\STM32F3xx_HAL_Driver\Src\stm32f3xx_hal_rcc.o
                0x08002e48                HAL_RCC_GetHCLKFreq
 .text.HAL_RCC_GetPCLK1Freq
                0x08002e54       0x2c Drivers\STM32F3xx_HAL_Driver\Src\stm32f3xx_hal_rcc.o
                0x08002e54                HAL_RCC_GetPCLK1Freq
 .text.HAL_RCC_GetPCLK2Freq
                0x08002e80       0x2c Drivers\STM32F3xx_HAL_Driver\Src\stm32f3xx_hal_rcc.o
                0x08002e80                HAL_RCC_GetPCLK2Freq
 .text.HAL_RCCEx_PeriphCLKConfig
                0x08002eac      0x1ac Drivers\STM32F3xx_HAL_Driver\Src\stm32f3xx_hal_rcc_ex.o
                0x08002eac                HAL_RCCEx_PeriphCLKConfig
 .text.HAL_TIM_Base_Start_IT
                0x08003058       0x18 Drivers\STM32F3xx_HAL_Driver\Src\stm32f3xx_hal_tim.o
                0x08003058                HAL_TIM_Base_Start_IT
 .text.HAL_TIM_OC_DelayElapsedCallback
                0x08003070        0x2 Drivers\STM32F3xx_HAL_Driver\Src\stm32f3xx_hal_tim.o
                0x08003070                HAL_TIM_OC_DelayElapsedCallback
 .text.HAL_TIM_IC_CaptureCallback
                0x08003072        0x2 Drivers\STM32F3xx_HAL_Driver\Src\stm32f3xx_hal_tim.o
                0x08003072                HAL_TIM_IC_CaptureCallback
 .text.HAL_TIM_PWM_PulseFinishedCallback
                0x08003074        0x2 Drivers\STM32F3xx_HAL_Driver\Src\stm32f3xx_hal_tim.o
                0x08003074                HAL_TIM_PWM_PulseFinishedCallback
 .text.HAL_TIM_TriggerCallback
                0x08003076        0x2 Drivers\STM32F3xx_HAL_Driver\Src\stm32f3xx_hal_tim.o
                0x08003076                HAL_TIM_TriggerCallback
 .text.HAL_TIM_IRQHandler
                0x08003078      0x19a Drivers\STM32F3xx_HAL_Driver\Src\stm32f3xx_hal_tim.o
                0x08003078                HAL_TIM_IRQHandler
 *fill*         0x08003212        0x2 
 .text.TIM_Base_SetConfig
                0x08003214       0x94 Drivers\STM32F3xx_HAL_Driver\Src\stm32f3xx_hal_tim.o
                0x08003214                TIM_Base_SetConfig
 .text.HAL_TIM_Base_Init
                0x080032a8       0x32 Drivers\STM32F3xx_HAL_Driver\Src\stm32f3xx_hal_tim.o
                0x080032a8                HAL_TIM_Base_Init
 *fill*         0x080032da        0x2 
 .text.HAL_TIMEx_MasterConfigSynchronization
                0x080032dc       0x50 Drivers\STM32F3xx_HAL_Driver\Src\stm32f3xx_hal_tim_ex.o
                0x080032dc                HAL_TIMEx_MasterConfigSynchronization
 .text.HAL_TIMEx_CommutationCallback
                0x0800332c        0x2 Drivers\STM32F3xx_HAL_Driver\Src\stm32f3xx_hal_tim_ex.o
                0x0800332c                HAL_TIMEx_CommutationCallback
 .text.HAL_TIMEx_BreakCallback
                0x0800332e        0x2 Drivers\STM32F3xx_HAL_Driver\Src\stm32f3xx_hal_tim_ex.o
                0x0800332e                HAL_TIMEx_BreakCallback
 .text.HAL_TIMEx_Break2Callback
                0x08003330        0x2 Drivers\STM32F3xx_HAL_Driver\Src\stm32f3xx_hal_tim_ex.o
                0x08003330                HAL_TIMEx_Break2Callback
 .text.UART_EndRxTransfer
                0x08003332       0x1c Drivers\STM32F3xx_HAL_Driver\Src\stm32f3xx_hal_uart.o
 .text.HAL_UART_Receive_IT
                0x0800334e       0xae Drivers\STM32F3xx_HAL_Driver\Src\stm32f3xx_hal_uart.o
                0x0800334e                HAL_UART_Receive_IT
 .text.HAL_UART_TxCpltCallback
                0x080033fc        0x2 Drivers\STM32F3xx_HAL_Driver\Src\stm32f3xx_hal_uart.o
                0x080033fc                HAL_UART_TxCpltCallback
 .text.HAL_UART_ErrorCallback
                0x080033fe        0x2 Drivers\STM32F3xx_HAL_Driver\Src\stm32f3xx_hal_uart.o
                0x080033fe                HAL_UART_ErrorCallback
 .text.UART_DMAAbortOnError
                0x08003400       0x14 Drivers\STM32F3xx_HAL_Driver\Src\stm32f3xx_hal_uart.o
 .text.UART_SetConfig
                0x08003414      0x1b4 Drivers\STM32F3xx_HAL_Driver\Src\stm32f3xx_hal_uart.o
                0x08003414                UART_SetConfig
 .text.UART_AdvFeatureConfig
                0x080035c8       0xca Drivers\STM32F3xx_HAL_Driver\Src\stm32f3xx_hal_uart.o
                0x080035c8                UART_AdvFeatureConfig
 .text.UART_WaitOnFlagUntilTimeout
                0x08003692       0x64 Drivers\STM32F3xx_HAL_Driver\Src\stm32f3xx_hal_uart.o
                0x08003692                UART_WaitOnFlagUntilTimeout
 .text.HAL_UART_Transmit
                0x080036f6       0xd0 Drivers\STM32F3xx_HAL_Driver\Src\stm32f3xx_hal_uart.o
                0x080036f6                HAL_UART_Transmit
 .text.UART_CheckIdleState
                0x080037c6       0x70 Drivers\STM32F3xx_HAL_Driver\Src\stm32f3xx_hal_uart.o
                0x080037c6                UART_CheckIdleState
 .text.HAL_UART_Init
                0x08003836       0x68 Drivers\STM32F3xx_HAL_Driver\Src\stm32f3xx_hal_uart.o
                0x08003836                HAL_UART_Init
 .text.UART_Transmit_IT
                0x0800389e       0x6e Drivers\STM32F3xx_HAL_Driver\Src\stm32f3xx_hal_uart.o
                0x0800389e                UART_Transmit_IT
 .text.UART_EndTransmit_IT
                0x0800390c       0x1a Drivers\STM32F3xx_HAL_Driver\Src\stm32f3xx_hal_uart.o
                0x0800390c                UART_EndTransmit_IT
 .text.UART_Receive_IT
                0x08003926       0x82 Drivers\STM32F3xx_HAL_Driver\Src\stm32f3xx_hal_uart.o
                0x08003926                UART_Receive_IT
 .text.HAL_UART_IRQHandler
                0x080039a8      0x15c Drivers\STM32F3xx_HAL_Driver\Src\stm32f3xx_hal_uart.o
                0x080039a8                HAL_UART_IRQHandler
 .text.HAL_UARTEx_WakeupCallback
                0x08003b04        0x2 Drivers\STM32F3xx_HAL_Driver\Src\stm32f3xx_hal_uart_ex.o
                0x08003b04                HAL_UARTEx_WakeupCallback
 .text.fill_filter_settings
                0x08003b06       0x16 Src\bme280.o
 .text.fill_standby_settings
                0x08003b1c       0x12 Src\bme280.o
 .text.fill_osr_press_settings
                0x08003b2e       0x16 Src\bme280.o
 .text.fill_osr_temp_settings
                0x08003b44       0x12 Src\bme280.o
 .text.parse_device_settings
                0x08003b56       0x26 Src\bme280.o
 .text.compensate_temperature
                0x08003b7c      0x10c Src\bme280.o
 .text.compensate_pressure
                0x08003c88      0x278 Src\bme280.o
 .text.compensate_humidity
                0x08003f00      0x190 Src\bme280.o
 .text.interleave_reg_addr
                0x08004090       0x20 Src\bme280.o
 .text.parse_temp_press_calib_data
                0x080040b0       0x80 Src\bme280.o
 .text.parse_humidity_calib_data
                0x08004130       0x40 Src\bme280.o
 .text.are_settings_changed
                0x08004170        0xc Src\bme280.o
 .text.null_ptr_check
                0x0800417c       0x2a Src\bme280.o
 .text.bme280_get_regs
                0x080041a6       0x3c Src\bme280.o
                0x080041a6                bme280_get_regs
 .text.get_calib_data
                0x080041e2       0x52 Src\bme280.o
 .text.bme280_set_regs
                0x08004234       0x8c Src\bme280.o
                0x08004234                bme280_set_regs
 .text.set_osr_humidity_settings
                0x080042c0       0x5a Src\bme280.o
 .text.set_osr_press_temp_settings
                0x0800431a       0x5c Src\bme280.o
 .text.set_osr_settings
                0x08004376       0x2e Src\bme280.o
 .text.set_filter_standby_settings
                0x080043a4       0x5c Src\bme280.o
 .text.reload_device_settings
                0x08004400       0x26 Src\bme280.o
 .text.write_power_mode
                0x08004426       0x4a Src\bme280.o
 .text.bme280_get_sensor_mode
                0x08004470       0x2c Src\bme280.o
                0x08004470                bme280_get_sensor_mode
 .text.bme280_soft_reset
                0x0800449c       0x3a Src\bme280.o
                0x0800449c                bme280_soft_reset
 .text.bme280_init
                0x080044d6       0x66 Src\bme280.o
                0x080044d6                bme280_init
 .text.put_device_to_sleep
                0x0800453c       0x3c Src\bme280.o
 .text.bme280_set_sensor_settings
                0x08004578       0x74 Src\bme280.o
                0x08004578                bme280_set_sensor_settings
 .text.bme280_set_sensor_mode
                0x080045ec       0x46 Src\bme280.o
                0x080045ec                bme280_set_sensor_mode
 .text.bme280_parse_sensor_data
                0x08004632       0x36 Src\bme280.o
                0x08004632                bme280_parse_sensor_data
 .text.bme280_compensate_data
                0x08004668       0x72 Src\bme280.o
                0x08004668                bme280_compensate_data
 .text.bme280_get_sensor_data
                0x080046da       0x5c Src\bme280.o
                0x080046da                bme280_get_sensor_data
 .text.lis2dh12_read_reg
                0x08004736        0xa Src\lis2dh12_reg.o
                0x08004736                lis2dh12_read_reg
 .text.lis2dh12_write_reg
                0x08004740        0xa Src\lis2dh12_reg.o
                0x08004740                lis2dh12_write_reg
 *fill*         0x0800474a        0x2 
 .text.lis2dh12_from_fs2_hr_to_mg
                0x0800474c       0x18 Src\lis2dh12_reg.o
                0x0800474c                lis2dh12_from_fs2_hr_to_mg
 .text.lis2dh12_temperature_meas_set
                0x08004764       0x38 Src\lis2dh12_reg.o
                0x08004764                lis2dh12_temperature_meas_set
 .text.lis2dh12_operating_mode_set
                0x0800479c       0xa4 Src\lis2dh12_reg.o
                0x0800479c                lis2dh12_operating_mode_set
 .text.lis2dh12_data_rate_set
                0x08004840       0x38 Src\lis2dh12_reg.o
                0x08004840                lis2dh12_data_rate_set
 .text.lis2dh12_full_scale_set
                0x08004878       0x38 Src\lis2dh12_reg.o
                0x08004878                lis2dh12_full_scale_set
 .text.lis2dh12_block_data_update_set
                0x080048b0       0x38 Src\lis2dh12_reg.o
                0x080048b0                lis2dh12_block_data_update_set
 .text.lis2dh12_xl_data_ready_get
                0x080048e8       0x1e Src\lis2dh12_reg.o
                0x080048e8                lis2dh12_xl_data_ready_get
 .text.lis2dh12_acceleration_raw_get
                0x08004906        0xe Src\lis2dh12_reg.o
                0x08004906                lis2dh12_acceleration_raw_get
 .text.MX_GPIO_Init
                0x08004914       0x9c Src\main.o
 .text.MX_USART1_UART_Init
                0x080049b0       0x30 Src\main.o
 .text.MX_ADC1_Init
                0x080049e0       0x84 Src\main.o
 .text.MX_I2C1_Init
                0x08004a64       0x44 Src\main.o
 .text.MX_TIM6_Init
                0x08004aa8       0x3c Src\main.o
 .text.SystemClock_Config
                0x08004ae4       0x72 Src\main.o
                0x08004ae4                SystemClock_Config
 .text.main     0x08004b56       0x34 Src\main.o
                0x08004b56                main
 .text.user_delay
                0x08004b8a       0x16 Src\myfunctions.o
                0x08004b8a                user_delay
 .text.user_i2c_read
                0x08004ba0       0x40 Src\myfunctions.o
                0x08004ba0                user_i2c_read
 .text.user_i2c_write
                0x08004be0       0x28 Src\myfunctions.o
                0x08004be0                user_i2c_write
 .text.platform_write
                0x08004c08       0x2c Src\myfunctions.o
                0x08004c08                platform_write
 .text.platform_read
                0x08004c34       0x2c Src\myfunctions.o
                0x08004c34                platform_read
 .text.HAL_TIM_PeriodElapsedCallback
                0x08004c60        0xc Src\myfunctions.o
                0x08004c60                HAL_TIM_PeriodElapsedCallback
 .text.HAL_UART_RxCpltCallback
                0x08004c6c       0x8c Src\myfunctions.o
                0x08004c6c                HAL_UART_RxCpltCallback
 .text.check_gga
                0x08004cf8       0x84 Src\myfunctions.o
                0x08004cf8                check_gga
 .text.check_sum
                0x08004d7c       0x1c Src\myfunctions.o
                0x08004d7c                check_sum
 .text.is_valid
                0x08004d98       0x50 Src\myfunctions.o
                0x08004d98                is_valid
 .text.split_extract
                0x08004de8      0x14c Src\myfunctions.o
                0x08004de8                split_extract
 .text.format_gps
                0x08004f34      0x2f0 Src\myfunctions.o
                0x08004f34                format_gps
 .text.process_buffer
                0x08005224       0x7c Src\myfunctions.o
                0x08005224                process_buffer
 .text.format_count
                0x080052a0      0x15c Src\myfunctions.o
                0x080052a0                format_count
 .text.format_power
                0x080053fc      0x170 Src\myfunctions.o
                0x080053fc                format_power
 *fill*         0x0800556c        0x4 
 .text.burn_signal
                0x08005570       0xd8 Src\myfunctions.o
                0x08005570                burn_signal
 .text.adc_sb   0x08005648      0x14c Src\myfunctions.o
                0x08005648                adc_sb
 .text.lcd_instr_write
                0x08005794       0xe0 Src\myfunctions.o
                0x08005794                lcd_instr_write
 .text.lcd_init
                0x08005874      0x1f8 Src\myfunctions.o
                0x08005874                lcd_init
 .text.lcd_data_write
                0x08005a6c       0xe0 Src\myfunctions.o
                0x08005a6c                lcd_data_write
 .text.lcd_out  0x08005b4c       0x7c Src\myfunctions.o
                0x08005b4c                lcd_out
 .text.stream_sensor_data_forced_mode
                0x08005bc8       0x34 Src\myfunctions.o
                0x08005bc8                stream_sensor_data_forced_mode
 .text.sensor_init
                0x08005bfc       0xcc Src\myfunctions.o
                0x08005bfc                sensor_init
 .text.user_init
                0x08005cc8       0x28 Src\myfunctions.o
                0x08005cc8                user_init
 .text.format_bme280
                0x08005cf0      0x16c Src\myfunctions.o
                0x08005cf0                format_bme280
 .text.stream_accelerometer_data
                0x08005e5c       0x6c Src\myfunctions.o
                0x08005e5c                stream_accelerometer_data
 .text.standardize_accel
                0x08005ec8      0x184 Src\myfunctions.o
                0x08005ec8                standardize_accel
 .text.format_accel
                0x0800604c      0x180 Src\myfunctions.o
                0x0800604c                format_accel
 .text.display  0x080061cc       0xb0 Src\myfunctions.o
                0x080061cc                display
 .text.HAL_MspInit
                0x0800627c       0x4c Src\stm32f3xx_hal_msp.o
                0x0800627c                HAL_MspInit
 .text.HAL_ADC_MspInit
                0x080062c8       0x5c Src\stm32f3xx_hal_msp.o
                0x080062c8                HAL_ADC_MspInit
 .text.HAL_I2C_MspInit
                0x08006324       0x6c Src\stm32f3xx_hal_msp.o
                0x08006324                HAL_I2C_MspInit
 .text.HAL_TIM_Base_MspInit
                0x08006390       0x40 Src\stm32f3xx_hal_msp.o
                0x08006390                HAL_TIM_Base_MspInit
 .text.HAL_UART_MspInit
                0x080063d0       0x78 Src\stm32f3xx_hal_msp.o
                0x080063d0                HAL_UART_MspInit
 .text.NMI_Handler
                0x08006448        0x2 Src\stm32f3xx_it.o
                0x08006448                NMI_Handler
 .text.HardFault_Handler
                0x0800644a        0x2 Src\stm32f3xx_it.o
                0x0800644a                HardFault_Handler
 .text.MemManage_Handler
                0x0800644c        0x2 Src\stm32f3xx_it.o
                0x0800644c                MemManage_Handler
 .text.BusFault_Handler
                0x0800644e        0x2 Src\stm32f3xx_it.o
                0x0800644e                BusFault_Handler
 .text.UsageFault_Handler
                0x08006450        0x2 Src\stm32f3xx_it.o
                0x08006450                UsageFault_Handler
 .text.SVC_Handler
                0x08006452        0x2 Src\stm32f3xx_it.o
                0x08006452                SVC_Handler
 .text.DebugMon_Handler
                0x08006454        0x2 Src\stm32f3xx_it.o
                0x08006454                DebugMon_Handler
 .text.PendSV_Handler
                0x08006456        0x2 Src\stm32f3xx_it.o
                0x08006456                PendSV_Handler
 .text.SysTick_Handler
                0x08006458        0x8 Src\stm32f3xx_it.o
                0x08006458                SysTick_Handler
 .text.USART1_IRQHandler
                0x08006460       0x10 Src\stm32f3xx_it.o
                0x08006460                USART1_IRQHandler
 .text.TIM6_DAC1_IRQHandler
                0x08006470       0x10 Src\stm32f3xx_it.o
                0x08006470                TIM6_DAC1_IRQHandler
 .text.FPU_IRQHandler
                0x08006480        0x2 Src\stm32f3xx_it.o
                0x08006480                FPU_IRQHandler
 *fill*         0x08006482        0x2 
 .text._sbrk    0x08006484       0x3c Src\syscalls.o
                0x08006484                _sbrk
 .text.SystemInit
                0x080064c0       0x68 Src\system_stm32f3xx.o
                0x080064c0                SystemInit
 .text.Reset_Handler
                0x08006528       0x50 startup\startup_stm32f334x8.o
                0x08006528                Reset_Handler
 .text.Default_Handler
                0x08006578        0x2 startup\startup_stm32f334x8.o
                0x08006578                RTC_Alarm_IRQHandler
                0x08006578                HRTIM1_Master_IRQHandler
                0x08006578                TIM1_CC_IRQHandler
                0x08006578                HRTIM1_FLT_IRQHandler
                0x08006578                PVD_IRQHandler
                0x08006578                HRTIM1_TIMD_IRQHandler
                0x08006578                TAMP_STAMP_IRQHandler
                0x08006578                EXTI3_IRQHandler
                0x08006578                EXTI0_IRQHandler
                0x08006578                CAN_TX_IRQHandler
                0x08006578                TIM1_UP_TIM16_IRQHandler
                0x08006578                ADC1_2_IRQHandler
                0x08006578                HRTIM1_TIME_IRQHandler
                0x08006578                SPI1_IRQHandler
                0x08006578                CAN_SCE_IRQHandler
                0x08006578                HRTIM1_TIMC_IRQHandler
                0x08006578                DMA1_Channel4_IRQHandler
                0x08006578                USART3_IRQHandler
                0x08006578                DMA1_Channel7_IRQHandler
                0x08006578                TIM7_DAC2_IRQHandler
                0x08006578                CAN_RX1_IRQHandler
                0x08006578                I2C1_EV_IRQHandler
                0x08006578                DMA1_Channel6_IRQHandler
                0x08006578                TIM3_IRQHandler
                0x08006578                RCC_IRQHandler
                0x08006578                DMA1_Channel1_IRQHandler
                0x08006578                Default_Handler
                0x08006578                EXTI15_10_IRQHandler
                0x08006578                COMP2_IRQHandler
                0x08006578                HRTIM1_TIMA_IRQHandler
                0x08006578                EXTI9_5_IRQHandler
                0x08006578                RTC_WKUP_IRQHandler
                0x08006578                DMA1_Channel5_IRQHandler
                0x08006578                EXTI4_IRQHandler
                0x08006578                HRTIM1_TIMB_IRQHandler
                0x08006578                TIM1_TRG_COM_TIM17_IRQHandler
                0x08006578                DMA1_Channel3_IRQHandler
                0x08006578                WWDG_IRQHandler
                0x08006578                TIM2_IRQHandler
                0x08006578                EXTI1_IRQHandler
                0x08006578                COMP4_6_IRQHandler
                0x08006578                USART2_IRQHandler
                0x08006578                DMA1_Channel2_IRQHandler
                0x08006578                FLASH_IRQHandler
                0x08006578                CAN_RX0_IRQHandler
                0x08006578                I2C1_ER_IRQHandler
                0x08006578                EXTI2_TSC_IRQHandler
                0x08006578                TIM1_BRK_TIM15_IRQHandler
 .text.atof     0x0800657a        0x6 c:/program files (x86)/atollic/truestudio for stm32 9.2.0/armtools/bin/../lib/gcc/arm-atollic-eabi/6.3.1/../../../../arm-atollic-eabi/lib/armv7e-m/fpu\libc_nano.a(lib_a-atof.o)
                0x0800657a                atof
 .text.__errno  0x08006580        0xc c:/program files (x86)/atollic/truestudio for stm32 9.2.0/armtools/bin/../lib/gcc/arm-atollic-eabi/6.3.1/../../../../arm-atollic-eabi/lib/armv7e-m/fpu\libc_nano.a(lib_a-errno.o)
                0x08006580                __errno
 .text.__libc_init_array
                0x0800658c       0x48 c:/program files (x86)/atollic/truestudio for stm32 9.2.0/armtools/bin/../lib/gcc/arm-atollic-eabi/6.3.1/../../../../arm-atollic-eabi/lib/armv7e-m/fpu\libc_nano.a(lib_a-init.o)
                0x0800658c                __libc_init_array
 .text.memset   0x080065d4       0x10 c:/program files (x86)/atollic/truestudio for stm32 9.2.0/armtools/bin/../lib/gcc/arm-atollic-eabi/6.3.1/../../../../arm-atollic-eabi/lib/armv7e-m/fpu\libc_nano.a(lib_a-memset.o)
                0x080065d4                memset
 .text.strchr   0x080065e4       0x1c c:/program files (x86)/atollic/truestudio for stm32 9.2.0/armtools/bin/../lib/gcc/arm-atollic-eabi/6.3.1/../../../../arm-atollic-eabi/lib/armv7e-m/fpu\libc_nano.a(lib_a-strchr.o)
                0x080065e4                strchr
 .text.strcpy   0x08006600       0x10 c:/program files (x86)/atollic/truestudio for stm32 9.2.0/armtools/bin/../lib/gcc/arm-atollic-eabi/6.3.1/../../../../arm-atollic-eabi/lib/armv7e-m/fpu\libc_nano.a(lib_a-strcpy.o)
                0x08006600                strcpy
 .text.strncpy  0x08006610       0x2a c:/program files (x86)/atollic/truestudio for stm32 9.2.0/armtools/bin/../lib/gcc/arm-atollic-eabi/6.3.1/../../../../arm-atollic-eabi/lib/armv7e-m/fpu\libc_nano.a(lib_a-strncpy.o)
                0x08006610                strncpy
 .text.strrchr  0x0800663a       0x26 c:/program files (x86)/atollic/truestudio for stm32 9.2.0/armtools/bin/../lib/gcc/arm-atollic-eabi/6.3.1/../../../../arm-atollic-eabi/lib/armv7e-m/fpu\libc_nano.a(lib_a-strrchr.o)
                0x0800663a                strrchr
 .text.unlikely.sulp
                0x08006660       0x38 c:/program files (x86)/atollic/truestudio for stm32 9.2.0/armtools/bin/../lib/gcc/arm-atollic-eabi/6.3.1/../../../../arm-atollic-eabi/lib/armv7e-m/fpu\libc_nano.a(lib_a-strtod.o)
 .text._strtod_l
                0x08006698      0xbd8 c:/program files (x86)/atollic/truestudio for stm32 9.2.0/armtools/bin/../lib/gcc/arm-atollic-eabi/6.3.1/../../../../arm-atollic-eabi/lib/armv7e-m/fpu\libc_nano.a(lib_a-strtod.o)
                0x08006698                _strtod_l
 .text.strtod   0x08007270       0x28 c:/program files (x86)/atollic/truestudio for stm32 9.2.0/armtools/bin/../lib/gcc/arm-atollic-eabi/6.3.1/../../../../arm-atollic-eabi/lib/armv7e-m/fpu\libc_nano.a(lib_a-strtod.o)
                0x08007270                strtod
 .text._strtol_l.isra.0
                0x08007298      0x100 c:/program files (x86)/atollic/truestudio for stm32 9.2.0/armtools/bin/../lib/gcc/arm-atollic-eabi/6.3.1/../../../../arm-atollic-eabi/lib/armv7e-m/fpu\libc_nano.a(lib_a-strtol.o)
 .text.strtol   0x08007398       0x2c c:/program files (x86)/atollic/truestudio for stm32 9.2.0/armtools/bin/../lib/gcc/arm-atollic-eabi/6.3.1/../../../../arm-atollic-eabi/lib/armv7e-m/fpu\libc_nano.a(lib_a-strtol.o)
                0x08007398                strtol
 .text.rshift   0x080073c4       0x6a c:/program files (x86)/atollic/truestudio for stm32 9.2.0/armtools/bin/../lib/gcc/arm-atollic-eabi/6.3.1/../../../../arm-atollic-eabi/lib/armv7e-m/fpu\libc_nano.a(lib_a-gdtoa-gethex.o)
 .text.__hexdig_fun
                0x0800742e       0x2a c:/program files (x86)/atollic/truestudio for stm32 9.2.0/armtools/bin/../lib/gcc/arm-atollic-eabi/6.3.1/../../../../arm-atollic-eabi/lib/armv7e-m/fpu\libc_nano.a(lib_a-gdtoa-gethex.o)
                0x0800742e                __hexdig_fun
 .text.__gethex
                0x08007458      0x43c c:/program files (x86)/atollic/truestudio for stm32 9.2.0/armtools/bin/../lib/gcc/arm-atollic-eabi/6.3.1/../../../../arm-atollic-eabi/lib/armv7e-m/fpu\libc_nano.a(lib_a-gdtoa-gethex.o)
                0x08007458                __gethex
 .text.L_shift  0x08007894       0x24 c:/program files (x86)/atollic/truestudio for stm32 9.2.0/armtools/bin/../lib/gcc/arm-atollic-eabi/6.3.1/../../../../arm-atollic-eabi/lib/armv7e-m/fpu\libc_nano.a(lib_a-gdtoa-hexnan.o)
 .text.__match  0x080078b8       0x26 c:/program files (x86)/atollic/truestudio for stm32 9.2.0/armtools/bin/../lib/gcc/arm-atollic-eabi/6.3.1/../../../../arm-atollic-eabi/lib/armv7e-m/fpu\libc_nano.a(lib_a-gdtoa-hexnan.o)
                0x080078b8                __match
 .text.__hexnan
                0x080078de      0x120 c:/program files (x86)/atollic/truestudio for stm32 9.2.0/armtools/bin/../lib/gcc/arm-atollic-eabi/6.3.1/../../../../arm-atollic-eabi/lib/armv7e-m/fpu\libc_nano.a(lib_a-gdtoa-hexnan.o)
                0x080078de                __hexnan
 .text.__locale_ctype_ptr_l
                0x080079fe        0x6 c:/program files (x86)/atollic/truestudio for stm32 9.2.0/armtools/bin/../lib/gcc/arm-atollic-eabi/6.3.1/../../../../arm-atollic-eabi/lib/armv7e-m/fpu\libc_nano.a(lib_a-locale.o)
                0x080079fe                __locale_ctype_ptr_l
 .text.__localeconv_l
                0x08007a04        0x4 c:/program files (x86)/atollic/truestudio for stm32 9.2.0/armtools/bin/../lib/gcc/arm-atollic-eabi/6.3.1/../../../../arm-atollic-eabi/lib/armv7e-m/fpu\libc_nano.a(lib_a-localeconv.o)
                0x08007a04                __localeconv_l
 .text.__ascii_mbtowc
                0x08007a08       0x24 c:/program files (x86)/atollic/truestudio for stm32 9.2.0/armtools/bin/../lib/gcc/arm-atollic-eabi/6.3.1/../../../../arm-atollic-eabi/lib/armv7e-m/fpu\libc_nano.a(lib_a-mbtowc_r.o)
                0x08007a08                __ascii_mbtowc
 .text.memcpy   0x08007a2c       0x16 c:/program files (x86)/atollic/truestudio for stm32 9.2.0/armtools/bin/../lib/gcc/arm-atollic-eabi/6.3.1/../../../../arm-atollic-eabi/lib/armv7e-m/fpu\libc_nano.a(lib_a-memcpy-stub.o)
                0x08007a2c                memcpy
 .text._Balloc  0x08007a42       0x68 c:/program files (x86)/atollic/truestudio for stm32 9.2.0/armtools/bin/../lib/gcc/arm-atollic-eabi/6.3.1/../../../../arm-atollic-eabi/lib/armv7e-m/fpu\libc_nano.a(lib_a-mprec.o)
                0x08007a42                _Balloc
 .text._Bfree   0x08007aaa       0x2e c:/program files (x86)/atollic/truestudio for stm32 9.2.0/armtools/bin/../lib/gcc/arm-atollic-eabi/6.3.1/../../../../arm-atollic-eabi/lib/armv7e-m/fpu\libc_nano.a(lib_a-mprec.o)
                0x08007aaa                _Bfree
 .text.__multadd
                0x08007ad8       0x76 c:/program files (x86)/atollic/truestudio for stm32 9.2.0/armtools/bin/../lib/gcc/arm-atollic-eabi/6.3.1/../../../../arm-atollic-eabi/lib/armv7e-m/fpu\libc_nano.a(lib_a-mprec.o)
                0x08007ad8                __multadd
 .text.__s2b    0x08007b4e       0x7c c:/program files (x86)/atollic/truestudio for stm32 9.2.0/armtools/bin/../lib/gcc/arm-atollic-eabi/6.3.1/../../../../arm-atollic-eabi/lib/armv7e-m/fpu\libc_nano.a(lib_a-mprec.o)
                0x08007b4e                __s2b
 .text.__hi0bits
                0x08007bca       0x3e c:/program files (x86)/atollic/truestudio for stm32 9.2.0/armtools/bin/../lib/gcc/arm-atollic-eabi/6.3.1/../../../../arm-atollic-eabi/lib/armv7e-m/fpu\libc_nano.a(lib_a-mprec.o)
                0x08007bca                __hi0bits
 .text.__lo0bits
                0x08007c08       0x5e c:/program files (x86)/atollic/truestudio for stm32 9.2.0/armtools/bin/../lib/gcc/arm-atollic-eabi/6.3.1/../../../../arm-atollic-eabi/lib/armv7e-m/fpu\libc_nano.a(lib_a-mprec.o)
                0x08007c08                __lo0bits
 .text.__i2b    0x08007c66       0x12 c:/program files (x86)/atollic/truestudio for stm32 9.2.0/armtools/bin/../lib/gcc/arm-atollic-eabi/6.3.1/../../../../arm-atollic-eabi/lib/armv7e-m/fpu\libc_nano.a(lib_a-mprec.o)
                0x08007c66                __i2b
 .text.__multiply
                0x08007c78      0x11a c:/program files (x86)/atollic/truestudio for stm32 9.2.0/armtools/bin/../lib/gcc/arm-atollic-eabi/6.3.1/../../../../arm-atollic-eabi/lib/armv7e-m/fpu\libc_nano.a(lib_a-mprec.o)
                0x08007c78                __multiply
 *fill*         0x08007d92        0x2 
 .text.__pow5mult
                0x08007d94       0x9c c:/program files (x86)/atollic/truestudio for stm32 9.2.0/armtools/bin/../lib/gcc/arm-atollic-eabi/6.3.1/../../../../arm-atollic-eabi/lib/armv7e-m/fpu\libc_nano.a(lib_a-mprec.o)
                0x08007d94                __pow5mult
 .text.__lshift
                0x08007e30       0xa2 c:/program files (x86)/atollic/truestudio for stm32 9.2.0/armtools/bin/../lib/gcc/arm-atollic-eabi/6.3.1/../../../../arm-atollic-eabi/lib/armv7e-m/fpu\libc_nano.a(lib_a-mprec.o)
                0x08007e30                __lshift
 .text.__mcmp   0x08007ed2       0x34 c:/program files (x86)/atollic/truestudio for stm32 9.2.0/armtools/bin/../lib/gcc/arm-atollic-eabi/6.3.1/../../../../arm-atollic-eabi/lib/armv7e-m/fpu\libc_nano.a(lib_a-mprec.o)
                0x08007ed2                __mcmp
 .text.__mdiff  0x08007f06       0xbc c:/program files (x86)/atollic/truestudio for stm32 9.2.0/armtools/bin/../lib/gcc/arm-atollic-eabi/6.3.1/../../../../arm-atollic-eabi/lib/armv7e-m/fpu\libc_nano.a(lib_a-mprec.o)
                0x08007f06                __mdiff
 *fill*         0x08007fc2        0x2 
 .text.__ulp    0x08007fc4       0x50 c:/program files (x86)/atollic/truestudio for stm32 9.2.0/armtools/bin/../lib/gcc/arm-atollic-eabi/6.3.1/../../../../arm-atollic-eabi/lib/armv7e-m/fpu\libc_nano.a(lib_a-mprec.o)
                0x08007fc4                __ulp
 .text.__b2d    0x08008014       0x9c c:/program files (x86)/atollic/truestudio for stm32 9.2.0/armtools/bin/../lib/gcc/arm-atollic-eabi/6.3.1/../../../../arm-atollic-eabi/lib/armv7e-m/fpu\libc_nano.a(lib_a-mprec.o)
                0x08008014                __b2d
 .text.__d2b    0x080080b0       0x9e c:/program files (x86)/atollic/truestudio for stm32 9.2.0/armtools/bin/../lib/gcc/arm-atollic-eabi/6.3.1/../../../../arm-atollic-eabi/lib/armv7e-m/fpu\libc_nano.a(lib_a-mprec.o)
                0x080080b0                __d2b
 .text.__ratio  0x0800814e       0x58 c:/program files (x86)/atollic/truestudio for stm32 9.2.0/armtools/bin/../lib/gcc/arm-atollic-eabi/6.3.1/../../../../arm-atollic-eabi/lib/armv7e-m/fpu\libc_nano.a(lib_a-mprec.o)
                0x0800814e                __ratio
 .text.__copybits
                0x080081a6       0x34 c:/program files (x86)/atollic/truestudio for stm32 9.2.0/armtools/bin/../lib/gcc/arm-atollic-eabi/6.3.1/../../../../arm-atollic-eabi/lib/armv7e-m/fpu\libc_nano.a(lib_a-mprec.o)
                0x080081a6                __copybits
 .text.__any_on
                0x080081da       0x42 c:/program files (x86)/atollic/truestudio for stm32 9.2.0/armtools/bin/../lib/gcc/arm-atollic-eabi/6.3.1/../../../../arm-atollic-eabi/lib/armv7e-m/fpu\libc_nano.a(lib_a-mprec.o)
                0x080081da                __any_on
 .text._calloc_r
                0x0800821c       0x1c c:/program files (x86)/atollic/truestudio for stm32 9.2.0/armtools/bin/../lib/gcc/arm-atollic-eabi/6.3.1/../../../../arm-atollic-eabi/lib/armv7e-m/fpu\libc_nano.a(lib_a-nano-callocr.o)
                0x0800821c                _calloc_r
 .text._malloc_r
                0x08008238       0xbc c:/program files (x86)/atollic/truestudio for stm32 9.2.0/armtools/bin/../lib/gcc/arm-atollic-eabi/6.3.1/../../../../arm-atollic-eabi/lib/armv7e-m/fpu\libc_nano.a(lib_a-nano-mallocr.o)
                0x08008238                _malloc_r
 .text._sbrk_r  0x080082f4       0x20 c:/program files (x86)/atollic/truestudio for stm32 9.2.0/armtools/bin/../lib/gcc/arm-atollic-eabi/6.3.1/../../../../arm-atollic-eabi/lib/armv7e-m/fpu\libc_nano.a(lib_a-sbrkr.o)
                0x080082f4                _sbrk_r
 .text.strncmp  0x08008314       0x24 c:/program files (x86)/atollic/truestudio for stm32 9.2.0/armtools/bin/../lib/gcc/arm-atollic-eabi/6.3.1/../../../../arm-atollic-eabi/lib/armv7e-m/fpu\libc_nano.a(lib_a-strncmp.o)
                0x08008314                strncmp
 .text.__ascii_wctomb
                0x08008338       0x1a c:/program files (x86)/atollic/truestudio for stm32 9.2.0/armtools/bin/../lib/gcc/arm-atollic-eabi/6.3.1/../../../../arm-atollic-eabi/lib/armv7e-m/fpu\libc_nano.a(lib_a-wctomb_r.o)
                0x08008338                __ascii_wctomb
 *fill*         0x08008352        0x2 
 .text.malloc   0x08008354       0x10 c:/program files (x86)/atollic/truestudio for stm32 9.2.0/armtools/bin/../lib/gcc/arm-atollic-eabi/6.3.1/../../../../arm-atollic-eabi/lib/armv7e-m/fpu\libc_nano.a(lib_a-malloc.o)
                0x08008354                malloc
 .text.__malloc_lock
                0x08008364        0x2 c:/program files (x86)/atollic/truestudio for stm32 9.2.0/armtools/bin/../lib/gcc/arm-atollic-eabi/6.3.1/../../../../arm-atollic-eabi/lib/armv7e-m/fpu\libc_nano.a(lib_a-mlock.o)
                0x08008364                __malloc_lock
 .text.__malloc_unlock
                0x08008366        0x2 c:/program files (x86)/atollic/truestudio for stm32 9.2.0/armtools/bin/../lib/gcc/arm-atollic-eabi/6.3.1/../../../../arm-atollic-eabi/lib/armv7e-m/fpu\libc_nano.a(lib_a-mlock.o)
                0x08008366                __malloc_unlock
 .text.floor    0x08008368      0x108 c:/program files (x86)/atollic/truestudio for stm32 9.2.0/armtools/bin/../lib/gcc/arm-atollic-eabi/6.3.1/../../../../arm-atollic-eabi/lib/armv7e-m/fpu\libm.a(lib_a-s_floor.o)
                0x08008368                floor
 .text.round    0x08008470       0x8c c:/program files (x86)/atollic/truestudio for stm32 9.2.0/armtools/bin/../lib/gcc/arm-atollic-eabi/6.3.1/../../../../arm-atollic-eabi/lib/armv7e-m/fpu\libm.a(lib_a-s_round.o)
                0x08008470                round
 .text.pow      0x080084fc      0x2f0 c:/program files (x86)/atollic/truestudio for stm32 9.2.0/armtools/bin/../lib/gcc/arm-atollic-eabi/6.3.1/../../../../arm-atollic-eabi/lib/armv7e-m/fpu\libm.a(lib_a-w_pow.o)
                0x080084fc                pow
 *fill*         0x080087ec        0x4 
 .text.__ieee754_pow
                0x080087f0      0xa24 c:/program files (x86)/atollic/truestudio for stm32 9.2.0/armtools/bin/../lib/gcc/arm-atollic-eabi/6.3.1/../../../../arm-atollic-eabi/lib/armv7e-m/fpu\libm.a(lib_a-e_pow.o)
                0x080087f0                __ieee754_pow
 .text.__ieee754_sqrt
                0x08009214      0x160 c:/program files (x86)/atollic/truestudio for stm32 9.2.0/armtools/bin/../lib/gcc/arm-atollic-eabi/6.3.1/../../../../arm-atollic-eabi/lib/armv7e-m/fpu\libm.a(lib_a-e_sqrt.o)
                0x08009214                __ieee754_sqrt
 .text.fabs     0x08009374        0xe c:/program files (x86)/atollic/truestudio for stm32 9.2.0/armtools/bin/../lib/gcc/arm-atollic-eabi/6.3.1/../../../../arm-atollic-eabi/lib/armv7e-m/fpu\libm.a(lib_a-s_fabs.o)
                0x08009374                fabs
 .text.finite   0x08009382       0x10 c:/program files (x86)/atollic/truestudio for stm32 9.2.0/armtools/bin/../lib/gcc/arm-atollic-eabi/6.3.1/../../../../arm-atollic-eabi/lib/armv7e-m/fpu\libm.a(lib_a-s_finite.o)
                0x08009382                finite
 .text.matherr  0x08009392        0x4 c:/program files (x86)/atollic/truestudio for stm32 9.2.0/armtools/bin/../lib/gcc/arm-atollic-eabi/6.3.1/../../../../arm-atollic-eabi/lib/armv7e-m/fpu\libm.a(lib_a-s_matherr.o)
                0x08009392                matherr
 *fill*         0x08009396        0x2 
 .text.nan      0x08009398       0x10 c:/program files (x86)/atollic/truestudio for stm32 9.2.0/armtools/bin/../lib/gcc/arm-atollic-eabi/6.3.1/../../../../arm-atollic-eabi/lib/armv7e-m/fpu\libm.a(lib_a-s_nan.o)
                0x08009398                nan
 .text.rint     0x080093a8      0x110 c:/program files (x86)/atollic/truestudio for stm32 9.2.0/armtools/bin/../lib/gcc/arm-atollic-eabi/6.3.1/../../../../arm-atollic-eabi/lib/armv7e-m/fpu\libm.a(lib_a-s_rint.o)
                0x080093a8                rint
 .text.scalbn   0x080094b8       0xf4 c:/program files (x86)/atollic/truestudio for stm32 9.2.0/armtools/bin/../lib/gcc/arm-atollic-eabi/6.3.1/../../../../arm-atollic-eabi/lib/armv7e-m/fpu\libm.a(lib_a-s_scalbn.o)
                0x080094b8                scalbn
 .text.copysign
                0x080095ac       0x1a c:/program files (x86)/atollic/truestudio for stm32 9.2.0/armtools/bin/../lib/gcc/arm-atollic-eabi/6.3.1/../../../../arm-atollic-eabi/lib/armv7e-m/fpu\libm.a(lib_a-s_copysign.o)
                0x080095ac                copysign
 *(.glue_7)
 .glue_7        0x080095c6        0x0 linker stubs
 *(.glue_7t)
 .glue_7t       0x080095c6        0x0 linker stubs
 *(.eh_frame)
 *fill*         0x080095c6        0x2 
 .eh_frame      0x080095c8        0x0 c:/program files (x86)/atollic/truestudio for stm32 9.2.0/armtools/bin/../lib/gcc/arm-atollic-eabi/6.3.1/armv7e-m/fpu/crtbegin.o
 *(.init)
 .init          0x080095c8        0x4 c:/program files (x86)/atollic/truestudio for stm32 9.2.0/armtools/bin/../lib/gcc/arm-atollic-eabi/6.3.1/armv7e-m/fpu/crti.o
                0x080095c8                _init
 .init          0x080095cc        0x8 c:/program files (x86)/atollic/truestudio for stm32 9.2.0/armtools/bin/../lib/gcc/arm-atollic-eabi/6.3.1/armv7e-m/fpu/crtn.o
 *(.fini)
 .fini          0x080095d4        0x4 c:/program files (x86)/atollic/truestudio for stm32 9.2.0/armtools/bin/../lib/gcc/arm-atollic-eabi/6.3.1/armv7e-m/fpu/crti.o
                0x080095d4                _fini
 .fini          0x080095d8        0x8 c:/program files (x86)/atollic/truestudio for stm32 9.2.0/armtools/bin/../lib/gcc/arm-atollic-eabi/6.3.1/armv7e-m/fpu/crtn.o
                0x080095e0                . = ALIGN (0x4)
                0x080095e0                _etext = .

.vfp11_veneer   0x080095e0        0x0
 .vfp11_veneer  0x080095e0        0x0 linker stubs

.v4_bx          0x080095e0        0x0
 .v4_bx         0x080095e0        0x0 linker stubs

.iplt           0x080095e0        0x0
 .iplt          0x080095e0        0x0 c:/program files (x86)/atollic/truestudio for stm32 9.2.0/armtools/bin/../lib/gcc/arm-atollic-eabi/6.3.1/armv7e-m/fpu/crtbegin.o

.rodata         0x080095e0      0x2f8
                0x080095e0                . = ALIGN (0x4)
 *(.rodata)
 *(.rodata*)
 .rodata.aPLLMULFactorTable
                0x080095e0       0x10 Drivers\STM32F3xx_HAL_Driver\Src\stm32f3xx_hal_rcc.o
                0x080095e0                aPLLMULFactorTable
 .rodata.aPredivFactorTable
                0x080095f0       0x10 Drivers\STM32F3xx_HAL_Driver\Src\stm32f3xx_hal_rcc.o
                0x080095f0                aPredivFactorTable
 .rodata.check_gga.str1.4
                0x08009600        0x8 Src\myfunctions.o
                                  0x7 (size before relaxing)
 .rodata.AHBPrescTable
                0x08009608       0x10 Src\system_stm32f3xx.o
                0x08009608                AHBPrescTable
 .rodata.APBPrescTable
                0x08009618        0x8 Src\system_stm32f3xx.o
                0x08009618                APBPrescTable
 .rodata._strtod_l.str1.1
                0x08009620        0xc c:/program files (x86)/atollic/truestudio for stm32 9.2.0/armtools/bin/../lib/gcc/arm-atollic-eabi/6.3.1/../../../../arm-atollic-eabi/lib/armv7e-m/fpu\libc_nano.a(lib_a-strtod.o)
 .rodata.fpi.7257
                0x0800962c       0x14 c:/program files (x86)/atollic/truestudio for stm32 9.2.0/armtools/bin/../lib/gcc/arm-atollic-eabi/6.3.1/../../../../arm-atollic-eabi/lib/armv7e-m/fpu\libc_nano.a(lib_a-strtod.o)
 .rodata.fpinan.7293
                0x08009640       0x14 c:/program files (x86)/atollic/truestudio for stm32 9.2.0/armtools/bin/../lib/gcc/arm-atollic-eabi/6.3.1/../../../../arm-atollic-eabi/lib/armv7e-m/fpu\libc_nano.a(lib_a-strtod.o)
 *fill*         0x08009654        0x4 
 .rodata.tinytens
                0x08009658       0x28 c:/program files (x86)/atollic/truestudio for stm32 9.2.0/armtools/bin/../lib/gcc/arm-atollic-eabi/6.3.1/../../../../arm-atollic-eabi/lib/armv7e-m/fpu\libc_nano.a(lib_a-strtod.o)
 .rodata._setlocale_r.str1.1
                0x08009680        0x8 c:/program files (x86)/atollic/truestudio for stm32 9.2.0/armtools/bin/../lib/gcc/arm-atollic-eabi/6.3.1/../../../../arm-atollic-eabi/lib/armv7e-m/fpu\libc_nano.a(lib_a-locale.o)
                                  0x9 (size before relaxing)
 .rodata.str1.1
                0x08009688        0x2 c:/program files (x86)/atollic/truestudio for stm32 9.2.0/armtools/bin/../lib/gcc/arm-atollic-eabi/6.3.1/../../../../arm-atollic-eabi/lib/armv7e-m/fpu\libc_nano.a(lib_a-locale.o)
 *fill*         0x0800968a        0x6 
 .rodata.__mprec_bigtens
                0x08009690       0x28 c:/program files (x86)/atollic/truestudio for stm32 9.2.0/armtools/bin/../lib/gcc/arm-atollic-eabi/6.3.1/../../../../arm-atollic-eabi/lib/armv7e-m/fpu\libc_nano.a(lib_a-mprec.o)
                0x08009690                __mprec_bigtens
 .rodata.__mprec_tens
                0x080096b8       0xc8 c:/program files (x86)/atollic/truestudio for stm32 9.2.0/armtools/bin/../lib/gcc/arm-atollic-eabi/6.3.1/../../../../arm-atollic-eabi/lib/armv7e-m/fpu\libc_nano.a(lib_a-mprec.o)
                0x080096b8                __mprec_tens
 .rodata.p05.7175
                0x08009780        0xc c:/program files (x86)/atollic/truestudio for stm32 9.2.0/armtools/bin/../lib/gcc/arm-atollic-eabi/6.3.1/../../../../arm-atollic-eabi/lib/armv7e-m/fpu\libc_nano.a(lib_a-mprec.o)
 .rodata._ctype_
                0x0800978c      0x101 c:/program files (x86)/atollic/truestudio for stm32 9.2.0/armtools/bin/../lib/gcc/arm-atollic-eabi/6.3.1/../../../../arm-atollic-eabi/lib/armv7e-m/fpu\libc_nano.a(lib_a-ctype_.o)
                0x0800978c                _ctype_
 .rodata.pow.str1.1
                0x0800988d        0x4 c:/program files (x86)/atollic/truestudio for stm32 9.2.0/armtools/bin/../lib/gcc/arm-atollic-eabi/6.3.1/../../../../arm-atollic-eabi/lib/armv7e-m/fpu\libm.a(lib_a-w_pow.o)
 .rodata.__ieee754_pow.str1.1
                0x08009891        0x1 c:/program files (x86)/atollic/truestudio for stm32 9.2.0/armtools/bin/../lib/gcc/arm-atollic-eabi/6.3.1/../../../../arm-atollic-eabi/lib/armv7e-m/fpu\libm.a(lib_a-e_pow.o)
 *fill*         0x08009891        0x7 
 .rodata.bp     0x08009898       0x10 c:/program files (x86)/atollic/truestudio for stm32 9.2.0/armtools/bin/../lib/gcc/arm-atollic-eabi/6.3.1/../../../../arm-atollic-eabi/lib/armv7e-m/fpu\libm.a(lib_a-e_pow.o)
 .rodata.dp_h   0x080098a8       0x10 c:/program files (x86)/atollic/truestudio for stm32 9.2.0/armtools/bin/../lib/gcc/arm-atollic-eabi/6.3.1/../../../../arm-atollic-eabi/lib/armv7e-m/fpu\libm.a(lib_a-e_pow.o)
 .rodata.dp_l   0x080098b8       0x10 c:/program files (x86)/atollic/truestudio for stm32 9.2.0/armtools/bin/../lib/gcc/arm-atollic-eabi/6.3.1/../../../../arm-atollic-eabi/lib/armv7e-m/fpu\libm.a(lib_a-e_pow.o)
 .rodata.TWO52  0x080098c8       0x10 c:/program files (x86)/atollic/truestudio for stm32 9.2.0/armtools/bin/../lib/gcc/arm-atollic-eabi/6.3.1/../../../../arm-atollic-eabi/lib/armv7e-m/fpu\libm.a(lib_a-s_rint.o)
                0x080098d8                . = ALIGN (0x4)

.rel.dyn        0x080098d8        0x0
 .rel.iplt      0x080098d8        0x0 c:/program files (x86)/atollic/truestudio for stm32 9.2.0/armtools/bin/../lib/gcc/arm-atollic-eabi/6.3.1/armv7e-m/fpu/crtbegin.o

.ARM.extab
 *(.ARM.extab* .gnu.linkonce.armextab.*)

.ARM            0x080098d8        0x0
                0x080098d8                __exidx_start = .
 *(.ARM.exidx*)
                0x080098d8                __exidx_end = .

.preinit_array  0x080098d8        0x0
                0x080098d8                PROVIDE (__preinit_array_start, .)
 *(.preinit_array*)
                0x080098d8                PROVIDE (__preinit_array_end, .)

.init_array     0x080098d8        0x4
                0x080098d8                PROVIDE (__init_array_start, .)
 *(SORT(.init_array.*))
 *(.init_array*)
 .init_array    0x080098d8        0x4 c:/program files (x86)/atollic/truestudio for stm32 9.2.0/armtools/bin/../lib/gcc/arm-atollic-eabi/6.3.1/armv7e-m/fpu/crtbegin.o
                0x080098dc                PROVIDE (__init_array_end, .)

.fini_array     0x080098dc        0x4
                [!provide]                PROVIDE (__fini_array_start, .)
 *(SORT(.fini_array.*))
 *(.fini_array*)
 .fini_array    0x080098dc        0x4 c:/program files (x86)/atollic/truestudio for stm32 9.2.0/armtools/bin/../lib/gcc/arm-atollic-eabi/6.3.1/armv7e-m/fpu/crtbegin.o
                [!provide]                PROVIDE (__fini_array_end, .)
                0x080098e0                _sidata = LOADADDR (.data)

.data           0x20000000      0x244 load address 0x080098e0
                0x20000000                . = ALIGN (0x4)
                0x20000000                _sdata = .
 *(.data)
 *(.data*)
 .data.uwTickFreq
                0x20000000        0x1 Drivers\STM32F3xx_HAL_Driver\Src\stm32f3xx_hal.o
                0x20000000                uwTickFreq
 *fill*         0x20000001        0x3 
 .data.uwTickPrio
                0x20000004        0x4 Drivers\STM32F3xx_HAL_Driver\Src\stm32f3xx_hal.o
                0x20000004                uwTickPrio
 .data.b        0x20000008        0x4 Src\myfunctions.o
                0x20000008                b
 .data.bme280_id
                0x2000000c        0x1 Src\myfunctions.o
                0x2000000c                bme280_id
 *fill*         0x2000000d        0x3 
 .data.comm     0x20000010       0x5b Src\myfunctions.o
                0x20000010                comm
 .data.lis2dh12_id
                0x2000006b        0x1 Src\myfunctions.o
                0x2000006b                lis2dh12_id
 .data.SystemCoreClock
                0x2000006c        0x4 Src\system_stm32f3xx.o
                0x2000006c                SystemCoreClock
 .data._impure_ptr
                0x20000070        0x4 c:/program files (x86)/atollic/truestudio for stm32 9.2.0/armtools/bin/../lib/gcc/arm-atollic-eabi/6.3.1/../../../../arm-atollic-eabi/lib/armv7e-m/fpu\libc_nano.a(lib_a-impure.o)
                0x20000070                _impure_ptr
 .data.impure_data
                0x20000074       0x60 c:/program files (x86)/atollic/truestudio for stm32 9.2.0/armtools/bin/../lib/gcc/arm-atollic-eabi/6.3.1/../../../../arm-atollic-eabi/lib/armv7e-m/fpu\libc_nano.a(lib_a-impure.o)
 .data.__global_locale
                0x200000d4      0x16c c:/program files (x86)/atollic/truestudio for stm32 9.2.0/armtools/bin/../lib/gcc/arm-atollic-eabi/6.3.1/../../../../arm-atollic-eabi/lib/armv7e-m/fpu\libc_nano.a(lib_a-locale.o)
                0x200000d4                __global_locale
 .data.__fdlib_version
                0x20000240        0x1 c:/program files (x86)/atollic/truestudio for stm32 9.2.0/armtools/bin/../lib/gcc/arm-atollic-eabi/6.3.1/../../../../arm-atollic-eabi/lib/armv7e-m/fpu\libm.a(lib_a-s_lib_ver.o)
                0x20000240                __fdlib_version
                0x20000244                . = ALIGN (0x4)
 *fill*         0x20000241        0x3 
                0x20000244                _edata = .
                0x08009b24                _siccmram = LOADADDR (.ccmram)

.igot.plt       0x20000244        0x0 load address 0x08009b24
 .igot.plt      0x20000244        0x0 c:/program files (x86)/atollic/truestudio for stm32 9.2.0/armtools/bin/../lib/gcc/arm-atollic-eabi/6.3.1/armv7e-m/fpu/crtbegin.o

.ccmram         0x10000000        0x0 load address 0x08009b24
                0x10000000                . = ALIGN (0x4)
                0x10000000                _sccmram = .
 *(.ccmram)
 *(.ccmram*)
                0x10000000                . = ALIGN (0x4)
                0x10000000                _eccmram = .
                0x10000000                . = ALIGN (0x4)

.bss            0x20000248      0x414
                0x20000248                _sbss = .
                0x20000248                __bss_start__ = _sbss
 *(.bss)
 .bss           0x20000248       0x1c c:/program files (x86)/atollic/truestudio for stm32 9.2.0/armtools/bin/../lib/gcc/arm-atollic-eabi/6.3.1/armv7e-m/fpu/crtbegin.o
 *(.bss*)
 .bss.sConfig1  0x20000264       0x18 Src\main.o
                0x20000264                sConfig1
 .bss.sConfig2  0x2000027c       0x18 Src\main.o
                0x2000027c                sConfig2
 .bss.E_W       0x20000294        0x5 Src\myfunctions.o
                0x20000294                E_W
 *fill*         0x20000299        0x3 
 .bss.N_S       0x2000029c        0x5 Src\myfunctions.o
                0x2000029c                N_S
 *fill*         0x200002a1        0x3 
 .bss.ant_alt   0x200002a4        0xa Src\myfunctions.o
                0x200002a4                ant_alt
 *fill*         0x200002ae        0x2 
 .bss.avg_curr  0x200002b0        0x8 Src\myfunctions.o
                0x200002b0                avg_curr
 .bss.burn      0x200002b8        0x1 Src\myfunctions.o
                0x200002b8                burn
 *fill*         0x200002b9        0x3 
 .bss.burnoffcounter
                0x200002bc        0x4 Src\myfunctions.o
                0x200002bc                burnoffcounter
 .bss.burntriggered
                0x200002c0        0x4 Src\myfunctions.o
                0x200002c0                burntriggered
 .bss.count     0x200002c4        0x4 Src\myfunctions.o
                0x200002c4                count
 .bss.curr      0x200002c8        0x8 Src\myfunctions.o
                0x200002c8                curr
 .bss.current   0x200002d0        0x4 Src\myfunctions.o
                0x200002d0                current
 .bss.data_raw_acceleration
                0x200002d4        0x6 Src\myfunctions.o
 .bss.end       0x200002da        0x1 Src\myfunctions.o
                0x200002da                end
 .bss.gga       0x200002db        0x1 Src\myfunctions.o
                0x200002db                gga
 *fill*         0x200002dc        0x4 
 .bss.latd      0x200002e0        0x8 Src\myfunctions.o
                0x200002e0                latd
 .bss.latd_min  0x200002e8        0x8 Src\myfunctions.o
                0x200002e8                latd_min
 .bss.latitude  0x200002f0       0x14 Src\myfunctions.o
                0x200002f0                latitude
 .bss.longitude
                0x20000304       0x14 Src\myfunctions.o
                0x20000304                longitude
 .bss.lontd     0x20000318        0x8 Src\myfunctions.o
                0x20000318                lontd
 .bss.lontd_min
                0x20000320        0x8 Src\myfunctions.o
                0x20000320                lontd_min
 .bss.one_sec_msg
                0x20000328        0x1 Src\myfunctions.o
                0x20000328                one_sec_msg
 *fill*         0x20000329        0x7 
 .bss.pa0       0x20000330        0x8 Src\myfunctions.o
                0x20000330                pa0
 .bss.pa1       0x20000338        0x8 Src\myfunctions.o
                0x20000338                pa1
 .bss.parse     0x20000340        0xe Src\myfunctions.o
                0x20000340                parse
 .bss.rx_flag   0x2000034e        0x1 Src\myfunctions.o
                0x2000034e                rx_flag
 .bss.rx_index  0x2000034f        0x1 Src\myfunctions.o
                0x2000034f                rx_index
 .bss.sample    0x20000350        0x4 Src\myfunctions.o
                0x20000350                sample
 .bss.tod       0x20000354        0xa Src\myfunctions.o
                0x20000354                tod
 *fill*         0x2000035e        0x2 
 .bss.tot_curr  0x20000360        0x8 Src\myfunctions.o
                0x20000360                tot_curr
 .bss.valid     0x20000368        0x1 Src\myfunctions.o
                0x20000368                valid
 *fill*         0x20000369        0x7 
 .bss.volt      0x20000370        0x8 Src\myfunctions.o
                0x20000370                volt
 .bss.heap_end.7010
                0x20000378        0x4 Src\syscalls.o
 .bss.__malloc_free_list
                0x2000037c        0x4 c:/program files (x86)/atollic/truestudio for stm32 9.2.0/armtools/bin/../lib/gcc/arm-atollic-eabi/6.3.1/../../../../arm-atollic-eabi/lib/armv7e-m/fpu\libc_nano.a(lib_a-nano-mallocr.o)
                0x2000037c                __malloc_free_list
 .bss.__malloc_sbrk_start
                0x20000380        0x4 c:/program files (x86)/atollic/truestudio for stm32 9.2.0/armtools/bin/../lib/gcc/arm-atollic-eabi/6.3.1/../../../../arm-atollic-eabi/lib/armv7e-m/fpu\libc_nano.a(lib_a-nano-mallocr.o)
                0x20000380                __malloc_sbrk_start
 *(COMMON)
 COMMON         0x20000384        0x4 Drivers\STM32F3xx_HAL_Driver\Src\stm32f3xx_hal.o
                0x20000384                uwTick
 COMMON         0x20000388      0x150 Src\main.o
                0x20000388                hi2c1
                0x200003d4                hadc1
                0x20000428                huart1
                0x20000498                htim6
 COMMON         0x200004d8      0x180 Src\myfunctions.o
                0x200004d8                pres
                0x200004e0                dev
                0x20000520                reg
                0x20000524                dev_ctx
                0x20000530                comp_data
                0x20000548                magn
                0x20000550                humd
                0x20000558                stnd_z
                0x2000055c                stnd_x
                0x20000560                pa0_raw
                0x20000568                temp
                0x20000570                accy
                0x20000574                rx_buffer
                0x200005d8                pa1_raw
                0x200005dc                settings_sel
                0x200005dd                rx_data
                0x200005e0                gps_msg
                0x20000644                accz
                0x20000648                acceleration_mg
                0x20000650                stnd_y
                0x20000654                accx
 COMMON         0x20000658        0x4 c:/program files (x86)/atollic/truestudio for stm32 9.2.0/armtools/bin/../lib/gcc/arm-atollic-eabi/6.3.1/../../../../arm-atollic-eabi/lib/armv7e-m/fpu\libc_nano.a(lib_a-reent.o)
                0x20000658                errno
                0x2000065c                . = ALIGN (0x4)
                0x2000065c                _ebss = .
                0x2000065c                __bss_end__ = _ebss

._user_heap_stack
                0x2000065c      0x600
                0x2000065c                . = ALIGN (0x4)
                [!provide]                PROVIDE (end, .)
                [!provide]                PROVIDE (_end, .)
                0x2000085c                . = (. + _Min_Heap_Size)
 *fill*         0x2000065c      0x200 
                0x20000c5c                . = (. + _Min_Stack_Size)
 *fill*         0x2000085c      0x400 
                0x20000c5c                . = ALIGN (0x4)

/DISCARD/
 libc.a(*)
 libm.a(*)
 libgcc.a(*)

.ARM.attributes
                0x00000000       0x30
 *(.ARM.attributes)
 .ARM.attributes
                0x00000000       0x22 c:/program files (x86)/atollic/truestudio for stm32 9.2.0/armtools/bin/../lib/gcc/arm-atollic-eabi/6.3.1/armv7e-m/fpu/crti.o
 .ARM.attributes
                0x00000022       0x34 c:/program files (x86)/atollic/truestudio for stm32 9.2.0/armtools/bin/../lib/gcc/arm-atollic-eabi/6.3.1/armv7e-m/fpu/crtbegin.o
 .ARM.attributes
                0x00000056       0x39 Drivers\STM32F3xx_HAL_Driver\Src\stm32f3xx_hal.o
 .ARM.attributes
                0x0000008f       0x39 Drivers\STM32F3xx_HAL_Driver\Src\stm32f3xx_hal_adc_ex.o
 .ARM.attributes
                0x000000c8       0x39 Drivers\STM32F3xx_HAL_Driver\Src\stm32f3xx_hal_cortex.o
 .ARM.attributes
                0x00000101       0x39 Drivers\STM32F3xx_HAL_Driver\Src\stm32f3xx_hal_dma.o
 .ARM.attributes
                0x0000013a       0x39 Drivers\STM32F3xx_HAL_Driver\Src\stm32f3xx_hal_gpio.o
 .ARM.attributes
                0x00000173       0x39 Drivers\STM32F3xx_HAL_Driver\Src\stm32f3xx_hal_i2c.o
 .ARM.attributes
                0x000001ac       0x39 Drivers\STM32F3xx_HAL_Driver\Src\stm32f3xx_hal_i2c_ex.o
 .ARM.attributes
                0x000001e5       0x39 Drivers\STM32F3xx_HAL_Driver\Src\stm32f3xx_hal_rcc.o
 .ARM.attributes
                0x0000021e       0x39 Drivers\STM32F3xx_HAL_Driver\Src\stm32f3xx_hal_rcc_ex.o
 .ARM.attributes
                0x00000257       0x39 Drivers\STM32F3xx_HAL_Driver\Src\stm32f3xx_hal_tim.o
 .ARM.attributes
                0x00000290       0x39 Drivers\STM32F3xx_HAL_Driver\Src\stm32f3xx_hal_tim_ex.o
 .ARM.attributes
                0x000002c9       0x39 Drivers\STM32F3xx_HAL_Driver\Src\stm32f3xx_hal_uart.o
 .ARM.attributes
                0x00000302       0x39 Drivers\STM32F3xx_HAL_Driver\Src\stm32f3xx_hal_uart_ex.o
 .ARM.attributes
                0x0000033b       0x39 Src\bme280.o
 .ARM.attributes
                0x00000374       0x39 Src\lis2dh12_reg.o
 .ARM.attributes
                0x000003ad       0x39 Src\main.o
 .ARM.attributes
                0x000003e6       0x39 Src\myfunctions.o
 .ARM.attributes
                0x0000041f       0x39 Src\stm32f3xx_hal_msp.o
 .ARM.attributes
                0x00000458       0x39 Src\stm32f3xx_it.o
 .ARM.attributes
                0x00000491       0x39 Src\syscalls.o
 .ARM.attributes
                0x000004ca       0x39 Src\system_stm32f3xx.o
 .ARM.attributes
                0x00000503       0x21 startup\startup_stm32f334x8.o
 .ARM.attributes
                0x00000524       0x34 c:/program files (x86)/atollic/truestudio for stm32 9.2.0/armtools/bin/../lib/gcc/arm-atollic-eabi/6.3.1/../../../../arm-atollic-eabi/lib/armv7e-m/fpu\libc_nano.a(lib_a-atof.o)
 .ARM.attributes
                0x00000558       0x34 c:/program files (x86)/atollic/truestudio for stm32 9.2.0/armtools/bin/../lib/gcc/arm-atollic-eabi/6.3.1/../../../../arm-atollic-eabi/lib/armv7e-m/fpu\libc_nano.a(lib_a-errno.o)
 .ARM.attributes
                0x0000058c       0x34 c:/program files (x86)/atollic/truestudio for stm32 9.2.0/armtools/bin/../lib/gcc/arm-atollic-eabi/6.3.1/../../../../arm-atollic-eabi/lib/armv7e-m/fpu\libc_nano.a(lib_a-impure.o)
 .ARM.attributes
                0x000005c0       0x34 c:/program files (x86)/atollic/truestudio for stm32 9.2.0/armtools/bin/../lib/gcc/arm-atollic-eabi/6.3.1/../../../../arm-atollic-eabi/lib/armv7e-m/fpu\libc_nano.a(lib_a-init.o)
 .ARM.attributes
                0x000005f4       0x34 c:/program files (x86)/atollic/truestudio for stm32 9.2.0/armtools/bin/../lib/gcc/arm-atollic-eabi/6.3.1/../../../../arm-atollic-eabi/lib/armv7e-m/fpu\libc_nano.a(lib_a-memset.o)
 .ARM.attributes
                0x00000628       0x34 c:/program files (x86)/atollic/truestudio for stm32 9.2.0/armtools/bin/../lib/gcc/arm-atollic-eabi/6.3.1/../../../../arm-atollic-eabi/lib/armv7e-m/fpu\libc_nano.a(lib_a-strchr.o)
 .ARM.attributes
                0x0000065c       0x34 c:/program files (x86)/atollic/truestudio for stm32 9.2.0/armtools/bin/../lib/gcc/arm-atollic-eabi/6.3.1/../../../../arm-atollic-eabi/lib/armv7e-m/fpu\libc_nano.a(lib_a-strcpy.o)
 .ARM.attributes
                0x00000690       0x1b c:/program files (x86)/atollic/truestudio for stm32 9.2.0/armtools/bin/../lib/gcc/arm-atollic-eabi/6.3.1/../../../../arm-atollic-eabi/lib/armv7e-m/fpu\libc_nano.a(lib_a-strlen.o)
 .ARM.attributes
                0x000006ab       0x34 c:/program files (x86)/atollic/truestudio for stm32 9.2.0/armtools/bin/../lib/gcc/arm-atollic-eabi/6.3.1/../../../../arm-atollic-eabi/lib/armv7e-m/fpu\libc_nano.a(lib_a-strncpy.o)
 .ARM.attributes
                0x000006df       0x34 c:/program files (x86)/atollic/truestudio for stm32 9.2.0/armtools/bin/../lib/gcc/arm-atollic-eabi/6.3.1/../../../../arm-atollic-eabi/lib/armv7e-m/fpu\libc_nano.a(lib_a-strrchr.o)
 .ARM.attributes
                0x00000713       0x34 c:/program files (x86)/atollic/truestudio for stm32 9.2.0/armtools/bin/../lib/gcc/arm-atollic-eabi/6.3.1/../../../../arm-atollic-eabi/lib/armv7e-m/fpu\libc_nano.a(lib_a-strtod.o)
 .ARM.attributes
                0x00000747       0x34 c:/program files (x86)/atollic/truestudio for stm32 9.2.0/armtools/bin/../lib/gcc/arm-atollic-eabi/6.3.1/../../../../arm-atollic-eabi/lib/armv7e-m/fpu\libc_nano.a(lib_a-strtol.o)
 .ARM.attributes
                0x0000077b       0x34 c:/program files (x86)/atollic/truestudio for stm32 9.2.0/armtools/bin/../lib/gcc/arm-atollic-eabi/6.3.1/../../../../arm-atollic-eabi/lib/armv7e-m/fpu\libc_nano.a(lib_a-gdtoa-gethex.o)
 .ARM.attributes
                0x000007af       0x34 c:/program files (x86)/atollic/truestudio for stm32 9.2.0/armtools/bin/../lib/gcc/arm-atollic-eabi/6.3.1/../../../../arm-atollic-eabi/lib/armv7e-m/fpu\libc_nano.a(lib_a-gdtoa-hexnan.o)
 .ARM.attributes
                0x000007e3       0x34 c:/program files (x86)/atollic/truestudio for stm32 9.2.0/armtools/bin/../lib/gcc/arm-atollic-eabi/6.3.1/../../../../arm-atollic-eabi/lib/armv7e-m/fpu\libc_nano.a(lib_a-locale.o)
 .ARM.attributes
                0x00000817       0x34 c:/program files (x86)/atollic/truestudio for stm32 9.2.0/armtools/bin/../lib/gcc/arm-atollic-eabi/6.3.1/../../../../arm-atollic-eabi/lib/armv7e-m/fpu\libc_nano.a(lib_a-localeconv.o)
 .ARM.attributes
                0x0000084b       0x34 c:/program files (x86)/atollic/truestudio for stm32 9.2.0/armtools/bin/../lib/gcc/arm-atollic-eabi/6.3.1/../../../../arm-atollic-eabi/lib/armv7e-m/fpu\libc_nano.a(lib_a-mbtowc_r.o)
 .ARM.attributes
                0x0000087f       0x34 c:/program files (x86)/atollic/truestudio for stm32 9.2.0/armtools/bin/../lib/gcc/arm-atollic-eabi/6.3.1/../../../../arm-atollic-eabi/lib/armv7e-m/fpu\libc_nano.a(lib_a-memcpy-stub.o)
 .ARM.attributes
                0x000008b3       0x34 c:/program files (x86)/atollic/truestudio for stm32 9.2.0/armtools/bin/../lib/gcc/arm-atollic-eabi/6.3.1/../../../../arm-atollic-eabi/lib/armv7e-m/fpu\libc_nano.a(lib_a-mprec.o)
 .ARM.attributes
                0x000008e7       0x34 c:/program files (x86)/atollic/truestudio for stm32 9.2.0/armtools/bin/../lib/gcc/arm-atollic-eabi/6.3.1/../../../../arm-atollic-eabi/lib/armv7e-m/fpu\libc_nano.a(lib_a-nano-callocr.o)
 .ARM.attributes
                0x0000091b       0x34 c:/program files (x86)/atollic/truestudio for stm32 9.2.0/armtools/bin/../lib/gcc/arm-atollic-eabi/6.3.1/../../../../arm-atollic-eabi/lib/armv7e-m/fpu\libc_nano.a(lib_a-nano-mallocr.o)
 .ARM.attributes
                0x0000094f       0x34 c:/program files (x86)/atollic/truestudio for stm32 9.2.0/armtools/bin/../lib/gcc/arm-atollic-eabi/6.3.1/../../../../arm-atollic-eabi/lib/armv7e-m/fpu\libc_nano.a(lib_a-sbrkr.o)
 .ARM.attributes
                0x00000983       0x34 c:/program files (x86)/atollic/truestudio for stm32 9.2.0/armtools/bin/../lib/gcc/arm-atollic-eabi/6.3.1/../../../../arm-atollic-eabi/lib/armv7e-m/fpu\libc_nano.a(lib_a-strncmp.o)
 .ARM.attributes
                0x000009b7       0x34 c:/program files (x86)/atollic/truestudio for stm32 9.2.0/armtools/bin/../lib/gcc/arm-atollic-eabi/6.3.1/../../../../arm-atollic-eabi/lib/armv7e-m/fpu\libc_nano.a(lib_a-wctomb_r.o)
 .ARM.attributes
                0x000009eb       0x34 c:/program files (x86)/atollic/truestudio for stm32 9.2.0/armtools/bin/../lib/gcc/arm-atollic-eabi/6.3.1/../../../../arm-atollic-eabi/lib/armv7e-m/fpu\libc_nano.a(lib_a-ctype_.o)
 .ARM.attributes
                0x00000a1f       0x34 c:/program files (x86)/atollic/truestudio for stm32 9.2.0/armtools/bin/../lib/gcc/arm-atollic-eabi/6.3.1/../../../../arm-atollic-eabi/lib/armv7e-m/fpu\libc_nano.a(lib_a-malloc.o)
 .ARM.attributes
                0x00000a53       0x34 c:/program files (x86)/atollic/truestudio for stm32 9.2.0/armtools/bin/../lib/gcc/arm-atollic-eabi/6.3.1/../../../../arm-atollic-eabi/lib/armv7e-m/fpu\libc_nano.a(lib_a-mlock.o)
 .ARM.attributes
                0x00000a87       0x34 c:/program files (x86)/atollic/truestudio for stm32 9.2.0/armtools/bin/../lib/gcc/arm-atollic-eabi/6.3.1/../../../../arm-atollic-eabi/lib/armv7e-m/fpu\libc_nano.a(lib_a-reent.o)
 .ARM.attributes
                0x00000abb       0x34 c:/program files (x86)/atollic/truestudio for stm32 9.2.0/armtools/bin/../lib/gcc/arm-atollic-eabi/6.3.1/../../../../arm-atollic-eabi/lib/armv7e-m/fpu\libm.a(lib_a-s_floor.o)
 .ARM.attributes
                0x00000aef       0x34 c:/program files (x86)/atollic/truestudio for stm32 9.2.0/armtools/bin/../lib/gcc/arm-atollic-eabi/6.3.1/../../../../arm-atollic-eabi/lib/armv7e-m/fpu\libm.a(lib_a-s_round.o)
 .ARM.attributes
                0x00000b23       0x34 c:/program files (x86)/atollic/truestudio for stm32 9.2.0/armtools/bin/../lib/gcc/arm-atollic-eabi/6.3.1/../../../../arm-atollic-eabi/lib/armv7e-m/fpu\libm.a(lib_a-w_pow.o)
 .ARM.attributes
                0x00000b57       0x34 c:/program files (x86)/atollic/truestudio for stm32 9.2.0/armtools/bin/../lib/gcc/arm-atollic-eabi/6.3.1/../../../../arm-atollic-eabi/lib/armv7e-m/fpu\libm.a(lib_a-e_pow.o)
 .ARM.attributes
                0x00000b8b       0x34 c:/program files (x86)/atollic/truestudio for stm32 9.2.0/armtools/bin/../lib/gcc/arm-atollic-eabi/6.3.1/../../../../arm-atollic-eabi/lib/armv7e-m/fpu\libm.a(lib_a-e_sqrt.o)
 .ARM.attributes
                0x00000bbf       0x34 c:/program files (x86)/atollic/truestudio for stm32 9.2.0/armtools/bin/../lib/gcc/arm-atollic-eabi/6.3.1/../../../../arm-atollic-eabi/lib/armv7e-m/fpu\libm.a(lib_a-s_fabs.o)
 .ARM.attributes
                0x00000bf3       0x34 c:/program files (x86)/atollic/truestudio for stm32 9.2.0/armtools/bin/../lib/gcc/arm-atollic-eabi/6.3.1/../../../../arm-atollic-eabi/lib/armv7e-m/fpu\libm.a(lib_a-s_finite.o)
 .ARM.attributes
                0x00000c27       0x34 c:/program files (x86)/atollic/truestudio for stm32 9.2.0/armtools/bin/../lib/gcc/arm-atollic-eabi/6.3.1/../../../../arm-atollic-eabi/lib/armv7e-m/fpu\libm.a(lib_a-s_lib_ver.o)
 .ARM.attributes
                0x00000c5b       0x34 c:/program files (x86)/atollic/truestudio for stm32 9.2.0/armtools/bin/../lib/gcc/arm-atollic-eabi/6.3.1/../../../../arm-atollic-eabi/lib/armv7e-m/fpu\libm.a(lib_a-s_matherr.o)
 .ARM.attributes
                0x00000c8f       0x34 c:/program files (x86)/atollic/truestudio for stm32 9.2.0/armtools/bin/../lib/gcc/arm-atollic-eabi/6.3.1/../../../../arm-atollic-eabi/lib/armv7e-m/fpu\libm.a(lib_a-s_nan.o)
 .ARM.attributes
                0x00000cc3       0x34 c:/program files (x86)/atollic/truestudio for stm32 9.2.0/armtools/bin/../lib/gcc/arm-atollic-eabi/6.3.1/../../../../arm-atollic-eabi/lib/armv7e-m/fpu\libm.a(lib_a-s_rint.o)
 .ARM.attributes
                0x00000cf7       0x34 c:/program files (x86)/atollic/truestudio for stm32 9.2.0/armtools/bin/../lib/gcc/arm-atollic-eabi/6.3.1/../../../../arm-atollic-eabi/lib/armv7e-m/fpu\libm.a(lib_a-s_scalbn.o)
 .ARM.attributes
                0x00000d2b       0x34 c:/program files (x86)/atollic/truestudio for stm32 9.2.0/armtools/bin/../lib/gcc/arm-atollic-eabi/6.3.1/../../../../arm-atollic-eabi/lib/armv7e-m/fpu\libm.a(lib_a-s_copysign.o)
 .ARM.attributes
                0x00000d5f       0x22 c:/program files (x86)/atollic/truestudio for stm32 9.2.0/armtools/bin/../lib/gcc/arm-atollic-eabi/6.3.1/armv7e-m/fpu\libgcc.a(_arm_addsubdf3.o)
 .ARM.attributes
                0x00000d81       0x22 c:/program files (x86)/atollic/truestudio for stm32 9.2.0/armtools/bin/../lib/gcc/arm-atollic-eabi/6.3.1/armv7e-m/fpu\libgcc.a(_arm_muldivdf3.o)
 .ARM.attributes
                0x00000da3       0x22 c:/program files (x86)/atollic/truestudio for stm32 9.2.0/armtools/bin/../lib/gcc/arm-atollic-eabi/6.3.1/armv7e-m/fpu\libgcc.a(_arm_cmpdf2.o)
 .ARM.attributes
                0x00000dc5       0x22 c:/program files (x86)/atollic/truestudio for stm32 9.2.0/armtools/bin/../lib/gcc/arm-atollic-eabi/6.3.1/armv7e-m/fpu\libgcc.a(_arm_unorddf2.o)
 .ARM.attributes
                0x00000de7       0x22 c:/program files (x86)/atollic/truestudio for stm32 9.2.0/armtools/bin/../lib/gcc/arm-atollic-eabi/6.3.1/armv7e-m/fpu\libgcc.a(_arm_fixdfsi.o)
 .ARM.attributes
                0x00000e09       0x22 c:/program files (x86)/atollic/truestudio for stm32 9.2.0/armtools/bin/../lib/gcc/arm-atollic-eabi/6.3.1/armv7e-m/fpu\libgcc.a(_arm_fixunsdfsi.o)
 .ARM.attributes
                0x00000e2b       0x22 c:/program files (x86)/atollic/truestudio for stm32 9.2.0/armtools/bin/../lib/gcc/arm-atollic-eabi/6.3.1/armv7e-m/fpu\libgcc.a(_arm_truncdfsf2.o)
 .ARM.attributes
                0x00000e4d       0x22 c:/program files (x86)/atollic/truestudio for stm32 9.2.0/armtools/bin/../lib/gcc/arm-atollic-eabi/6.3.1/armv7e-m/fpu/crtn.o
OUTPUT(20887507_ED314_HAB.elf elf32-littlearm)

.debug_info     0x00000000    0x2919f
 .debug_info    0x00000000     0x1034 Drivers\STM32F3xx_HAL_Driver\Src\stm32f3xx_hal.o
 .debug_info    0x00001034     0x2308 Drivers\STM32F3xx_HAL_Driver\Src\stm32f3xx_hal_adc_ex.o
 .debug_info    0x0000333c     0x14ee Drivers\STM32F3xx_HAL_Driver\Src\stm32f3xx_hal_cortex.o
 .debug_info    0x0000482a     0x1091 Drivers\STM32F3xx_HAL_Driver\Src\stm32f3xx_hal_dma.o
 .debug_info    0x000058bb      0xfeb Drivers\STM32F3xx_HAL_Driver\Src\stm32f3xx_hal_gpio.o
 .debug_info    0x000068a6     0x3a12 Drivers\STM32F3xx_HAL_Driver\Src\stm32f3xx_hal_i2c.o
 .debug_info    0x0000a2b8     0x11ae Drivers\STM32F3xx_HAL_Driver\Src\stm32f3xx_hal_i2c_ex.o
 .debug_info    0x0000b466     0x1c73 Drivers\STM32F3xx_HAL_Driver\Src\stm32f3xx_hal_rcc.o
 .debug_info    0x0000d0d9      0xeb2 Drivers\STM32F3xx_HAL_Driver\Src\stm32f3xx_hal_rcc_ex.o
 .debug_info    0x0000df8b     0x3805 Drivers\STM32F3xx_HAL_Driver\Src\stm32f3xx_hal_tim.o
 .debug_info    0x00011790     0x1ed5 Drivers\STM32F3xx_HAL_Driver\Src\stm32f3xx_hal_tim_ex.o
 .debug_info    0x00013665     0x2226 Drivers\STM32F3xx_HAL_Driver\Src\stm32f3xx_hal_uart.o
 .debug_info    0x0001588b     0x1189 Drivers\STM32F3xx_HAL_Driver\Src\stm32f3xx_hal_uart_ex.o
 .debug_info    0x00016a14     0x16d4 Src\bme280.o
 .debug_info    0x000180e8     0x4bb4 Src\lis2dh12_reg.o
 .debug_info    0x0001cc9c     0x2342 Src\main.o
 .debug_info    0x0001efde     0x4757 Src\myfunctions.o
 .debug_info    0x00023735     0x21e8 Src\stm32f3xx_hal_msp.o
 .debug_info    0x0002591d     0x1bb7 Src\stm32f3xx_it.o
 .debug_info    0x000274d4      0xfbf Src\syscalls.o
 .debug_info    0x00028493      0xc78 Src\system_stm32f3xx.o
 .debug_info    0x0002910b       0x94 startup\startup_stm32f334x8.o

.debug_abbrev   0x00000000     0x3926
 .debug_abbrev  0x00000000      0x2a7 Drivers\STM32F3xx_HAL_Driver\Src\stm32f3xx_hal.o
 .debug_abbrev  0x000002a7      0x305 Drivers\STM32F3xx_HAL_Driver\Src\stm32f3xx_hal_adc_ex.o
 .debug_abbrev  0x000005ac      0x386 Drivers\STM32F3xx_HAL_Driver\Src\stm32f3xx_hal_cortex.o
 .debug_abbrev  0x00000932      0x29c Drivers\STM32F3xx_HAL_Driver\Src\stm32f3xx_hal_dma.o
 .debug_abbrev  0x00000bce      0x26d Drivers\STM32F3xx_HAL_Driver\Src\stm32f3xx_hal_gpio.o
 .debug_abbrev  0x00000e3b      0x2a5 Drivers\STM32F3xx_HAL_Driver\Src\stm32f3xx_hal_i2c.o
 .debug_abbrev  0x000010e0      0x21d Drivers\STM32F3xx_HAL_Driver\Src\stm32f3xx_hal_i2c_ex.o
 .debug_abbrev  0x000012fd      0x32b Drivers\STM32F3xx_HAL_Driver\Src\stm32f3xx_hal_rcc.o
 .debug_abbrev  0x00001628      0x2fc Drivers\STM32F3xx_HAL_Driver\Src\stm32f3xx_hal_rcc_ex.o
 .debug_abbrev  0x00001924      0x2a4 Drivers\STM32F3xx_HAL_Driver\Src\stm32f3xx_hal_tim.o
 .debug_abbrev  0x00001bc8      0x2a4 Drivers\STM32F3xx_HAL_Driver\Src\stm32f3xx_hal_tim_ex.o
 .debug_abbrev  0x00001e6c      0x2b1 Drivers\STM32F3xx_HAL_Driver\Src\stm32f3xx_hal_uart.o
 .debug_abbrev  0x0000211d      0x26e Drivers\STM32F3xx_HAL_Driver\Src\stm32f3xx_hal_uart_ex.o
 .debug_abbrev  0x0000238b      0x1f8 Src\bme280.o
 .debug_abbrev  0x00002583      0x2f6 Src\lis2dh12_reg.o
 .debug_abbrev  0x00002879      0x2e5 Src\main.o
 .debug_abbrev  0x00002b5e      0x48f Src\myfunctions.o
 .debug_abbrev  0x00002fed      0x283 Src\stm32f3xx_hal_msp.o
 .debug_abbrev  0x00003270      0x221 Src\stm32f3xx_it.o
 .debug_abbrev  0x00003491      0x29e Src\syscalls.o
 .debug_abbrev  0x0000372f      0x1e5 Src\system_stm32f3xx.o
 .debug_abbrev  0x00003914       0x12 startup\startup_stm32f334x8.o

.debug_loc      0x00000000    0x11e8f
 .debug_loc     0x00000000      0x108 Drivers\STM32F3xx_HAL_Driver\Src\stm32f3xx_hal.o
 .debug_loc     0x00000108     0x1ad4 Drivers\STM32F3xx_HAL_Driver\Src\stm32f3xx_hal_adc_ex.o
 .debug_loc     0x00001bdc      0x5ad Drivers\STM32F3xx_HAL_Driver\Src\stm32f3xx_hal_cortex.o
 .debug_loc     0x00002189      0x708 Drivers\STM32F3xx_HAL_Driver\Src\stm32f3xx_hal_dma.o
 .debug_loc     0x00002891      0x331 Drivers\STM32F3xx_HAL_Driver\Src\stm32f3xx_hal_gpio.o
 .debug_loc     0x00002bc2     0x3ab1 Drivers\STM32F3xx_HAL_Driver\Src\stm32f3xx_hal_i2c.o
 .debug_loc     0x00006673      0x21c Drivers\STM32F3xx_HAL_Driver\Src\stm32f3xx_hal_i2c_ex.o
 .debug_loc     0x0000688f      0x947 Drivers\STM32F3xx_HAL_Driver\Src\stm32f3xx_hal_rcc.o
 .debug_loc     0x000071d6      0x4aa Drivers\STM32F3xx_HAL_Driver\Src\stm32f3xx_hal_rcc_ex.o
 .debug_loc     0x00007680     0x35ff Drivers\STM32F3xx_HAL_Driver\Src\stm32f3xx_hal_tim.o
 .debug_loc     0x0000ac7f     0x1946 Drivers\STM32F3xx_HAL_Driver\Src\stm32f3xx_hal_tim_ex.o
 .debug_loc     0x0000c5c5     0x1635 Drivers\STM32F3xx_HAL_Driver\Src\stm32f3xx_hal_uart.o
 .debug_loc     0x0000dbfa      0x31c Drivers\STM32F3xx_HAL_Driver\Src\stm32f3xx_hal_uart_ex.o
 .debug_loc     0x0000df16     0x1143 Src\bme280.o
 .debug_loc     0x0000f059     0x208a Src\lis2dh12_reg.o
 .debug_loc     0x000110e3      0x749 Src\myfunctions.o
 .debug_loc     0x0001182c      0x1b7 Src\stm32f3xx_hal_msp.o
 .debug_loc     0x000119e3      0x3ad Src\syscalls.o
 .debug_loc     0x00011d90       0xff Src\system_stm32f3xx.o

.debug_aranges  0x00000000     0x1630
 .debug_aranges
                0x00000000       0xe0 Drivers\STM32F3xx_HAL_Driver\Src\stm32f3xx_hal.o
 .debug_aranges
                0x000000e0      0x168 Drivers\STM32F3xx_HAL_Driver\Src\stm32f3xx_hal_adc_ex.o
 .debug_aranges
                0x00000248       0x90 Drivers\STM32F3xx_HAL_Driver\Src\stm32f3xx_hal_cortex.o
 .debug_aranges
                0x000002d8       0x88 Drivers\STM32F3xx_HAL_Driver\Src\stm32f3xx_hal_dma.o
 .debug_aranges
                0x00000360       0x58 Drivers\STM32F3xx_HAL_Driver\Src\stm32f3xx_hal_gpio.o
 .debug_aranges
                0x000003b8      0x260 Drivers\STM32F3xx_HAL_Driver\Src\stm32f3xx_hal_i2c.o
 .debug_aranges
                0x00000618       0x48 Drivers\STM32F3xx_HAL_Driver\Src\stm32f3xx_hal_i2c_ex.o
 .debug_aranges
                0x00000660       0x88 Drivers\STM32F3xx_HAL_Driver\Src\stm32f3xx_hal_rcc.o
 .debug_aranges
                0x000006e8       0x38 Drivers\STM32F3xx_HAL_Driver\Src\stm32f3xx_hal_rcc_ex.o
 .debug_aranges
                0x00000720      0x378 Drivers\STM32F3xx_HAL_Driver\Src\stm32f3xx_hal_tim.o
 .debug_aranges
                0x00000a98      0x178 Drivers\STM32F3xx_HAL_Driver\Src\stm32f3xx_hal_tim_ex.o
 .debug_aranges
                0x00000c10      0x1f0 Drivers\STM32F3xx_HAL_Driver\Src\stm32f3xx_hal_uart.o
 .debug_aranges
                0x00000e00       0x48 Drivers\STM32F3xx_HAL_Driver\Src\stm32f3xx_hal_uart_ex.o
 .debug_aranges
                0x00000e48      0x118 Src\bme280.o
 .debug_aranges
                0x00000f60      0x398 Src\lis2dh12_reg.o
 .debug_aranges
                0x000012f8       0x58 Src\main.o
 .debug_aranges
                0x00001350      0x108 Src\myfunctions.o
 .debug_aranges
                0x00001458       0x60 Src\stm32f3xx_hal_msp.o
 .debug_aranges
                0x000014b8       0x78 Src\stm32f3xx_it.o
 .debug_aranges
                0x00001530       0xb0 Src\syscalls.o
 .debug_aranges
                0x000015e0       0x28 Src\system_stm32f3xx.o
 .debug_aranges
                0x00001608       0x28 startup\startup_stm32f334x8.o

.debug_ranges   0x00000000     0x1590
 .debug_ranges  0x00000000       0xd0 Drivers\STM32F3xx_HAL_Driver\Src\stm32f3xx_hal.o
 .debug_ranges  0x000000d0      0x158 Drivers\STM32F3xx_HAL_Driver\Src\stm32f3xx_hal_adc_ex.o
 .debug_ranges  0x00000228       0xe0 Drivers\STM32F3xx_HAL_Driver\Src\stm32f3xx_hal_cortex.o
 .debug_ranges  0x00000308       0x78 Drivers\STM32F3xx_HAL_Driver\Src\stm32f3xx_hal_dma.o
 .debug_ranges  0x00000380       0x48 Drivers\STM32F3xx_HAL_Driver\Src\stm32f3xx_hal_gpio.o
 .debug_ranges  0x000003c8      0x250 Drivers\STM32F3xx_HAL_Driver\Src\stm32f3xx_hal_i2c.o
 .debug_ranges  0x00000618       0x38 Drivers\STM32F3xx_HAL_Driver\Src\stm32f3xx_hal_i2c_ex.o
 .debug_ranges  0x00000650       0x98 Drivers\STM32F3xx_HAL_Driver\Src\stm32f3xx_hal_rcc.o
 .debug_ranges  0x000006e8       0x40 Drivers\STM32F3xx_HAL_Driver\Src\stm32f3xx_hal_rcc_ex.o
 .debug_ranges  0x00000728      0x368 Drivers\STM32F3xx_HAL_Driver\Src\stm32f3xx_hal_tim.o
 .debug_ranges  0x00000a90      0x168 Drivers\STM32F3xx_HAL_Driver\Src\stm32f3xx_hal_tim_ex.o
 .debug_ranges  0x00000bf8      0x1e0 Drivers\STM32F3xx_HAL_Driver\Src\stm32f3xx_hal_uart.o
 .debug_ranges  0x00000dd8       0x38 Drivers\STM32F3xx_HAL_Driver\Src\stm32f3xx_hal_uart_ex.o
 .debug_ranges  0x00000e10      0x108 Src\bme280.o
 .debug_ranges  0x00000f18      0x388 Src\lis2dh12_reg.o
 .debug_ranges  0x000012a0       0x48 Src\main.o
 .debug_ranges  0x000012e8      0x118 Src\myfunctions.o
 .debug_ranges  0x00001400       0x50 Src\stm32f3xx_hal_msp.o
 .debug_ranges  0x00001450       0x68 Src\stm32f3xx_it.o
 .debug_ranges  0x000014b8       0xa0 Src\syscalls.o
 .debug_ranges  0x00001558       0x18 Src\system_stm32f3xx.o
 .debug_ranges  0x00001570       0x20 startup\startup_stm32f334x8.o

.debug_macro    0x00000000    0x1ff91
 .debug_macro   0x00000000      0x342 Drivers\STM32F3xx_HAL_Driver\Src\stm32f3xx_hal.o
 .debug_macro   0x00000342      0x8b6 Drivers\STM32F3xx_HAL_Driver\Src\stm32f3xx_hal.o
 .debug_macro   0x00000bf8       0xb1 Drivers\STM32F3xx_HAL_Driver\Src\stm32f3xx_hal.o
 .debug_macro   0x00000ca9       0x2f Drivers\STM32F3xx_HAL_Driver\Src\stm32f3xx_hal.o
 .debug_macro   0x00000cd8       0x28 Drivers\STM32F3xx_HAL_Driver\Src\stm32f3xx_hal.o
 .debug_macro   0x00000d00       0x22 Drivers\STM32F3xx_HAL_Driver\Src\stm32f3xx_hal.o
 .debug_macro   0x00000d22       0x87 Drivers\STM32F3xx_HAL_Driver\Src\stm32f3xx_hal.o
 .debug_macro   0x00000da9       0x51 Drivers\STM32F3xx_HAL_Driver\Src\stm32f3xx_hal.o
 .debug_macro   0x00000dfa       0xef Drivers\STM32F3xx_HAL_Driver\Src\stm32f3xx_hal.o
 .debug_macro   0x00000ee9       0x6a Drivers\STM32F3xx_HAL_Driver\Src\stm32f3xx_hal.o